Copyright 1986-2022 Xilinx, Inc. All Rights Reserved. Copyright 2022-2024 Advanced Micro Devices, Inc. All Rights Reserved.
---------------------------------------------------------------------------------------------------------------------------------------------
| Tool Version : Vivado v.2024.1 (lin64) Build 5076996 Wed May 22 18:36:09 MDT 2024
| Date         : Sat Jan 25 15:13:30 2025
| Host         : rdsrv413 running 64-bit Ubuntu 20.04.6 LTS
| Command      : report_utilization -hierarchical -hierarchical_depth 6 -file ./report/Topo2A_AD_proj_utilization_hierarchical_synth.rpt
| Design       : bd_0_wrapper
| Device       : xcvu9p-flga2104-2-e
| Speed File   : -2
| Design State : Synthesized
---------------------------------------------------------------------------------------------------------------------------------------------

Utilization Design Information

Table of Contents
-----------------
1. Utilization by Hierarchy

1. Utilization by Hierarchy
---------------------------

+-------------------------------------------------------------------------------------------+-------------------------------------------------------------------------------------------------+------------+------------+---------+------+-----+--------+--------+------+------------+
|                                          Instance                                         |                                              Module                                             | Total LUTs | Logic LUTs | LUTRAMs | SRLs | FFs | RAMB36 | RAMB18 | URAM | DSP Blocks |
+-------------------------------------------------------------------------------------------+-------------------------------------------------------------------------------------------------+------------+------------+---------+------+-----+--------+--------+------+------------+
| bd_0_wrapper                                                                              |                                                                                           (top) |      25423 |      25423 |       0 |    0 |   0 |      0 |      0 |    0 |          0 |
|   bd_0_i                                                                                  |                                                                                            bd_0 |      25423 |      25423 |       0 |    0 |   0 |      0 |      0 |    0 |          0 |
|     hls_inst                                                                              |                                                                                 bd_0_hls_inst_0 |      25423 |      25423 |       0 |    0 |   0 |      0 |      0 |    0 |          0 |
|       (hls_inst)                                                                          |                                                                                 bd_0_hls_inst_0 |          0 |          0 |       0 |    0 |   0 |      0 |      0 |    0 |          0 |
|       inst                                                                                |                                                                  bd_0_hls_inst_0_Topo2A_AD_proj |      25423 |      25423 |       0 |    0 |   0 |      0 |      0 |    0 |          0 |
|         (inst)                                                                            |                                                                  bd_0_hls_inst_0_Topo2A_AD_proj |       8352 |       8352 |       0 |    0 |   0 |      0 |      0 |    0 |          0 |
|         call_ret2_relu_ap_fixed_19_11_5_3_0_ap_ufixed_15_0_4_0_0_relu_config4_s_fu_468    |    bd_0_hls_inst_0_Topo2A_AD_proj_relu_ap_fixed_19_11_5_3_0_ap_ufixed_15_0_4_0_0_relu_config4_s |       9006 |       9006 |       0 |    0 |   0 |      0 |      0 |    0 |          0 |
|         call_ret5_dense_latency_ap_ufixed_15_0_4_0_0_ap_fixed_12_4_5_3_0_config8_s_fu_580 | bd_0_hls_inst_0_Topo2A_AD_proj_dense_latency_ap_ufixed_15_0_4_0_0_ap_fixed_12_4_5_3_0_config8_s |       8067 |       8067 |       0 |    0 |   0 |      0 |      0 |    0 |          0 |
|           mul_15ns_2s_17_1_1_U573                                                         |                                               bd_0_hls_inst_0_Topo2A_AD_proj_mul_15ns_2s_17_1_1 |         22 |         22 |       0 |    0 |   0 |      0 |      0 |    0 |          0 |
|           mul_15ns_2s_17_1_1_U576                                                         |                                             bd_0_hls_inst_0_Topo2A_AD_proj_mul_15ns_2s_17_1_1_0 |          2 |          2 |       0 |    0 |   0 |      0 |      0 |    0 |          0 |
|           mul_15ns_3ns_17_1_1_U557                                                        |                                              bd_0_hls_inst_0_Topo2A_AD_proj_mul_15ns_3ns_17_1_1 |         19 |         19 |       0 |    0 |   0 |      0 |      0 |    0 |          0 |
|           mul_15ns_3ns_17_1_1_U562                                                        |                                            bd_0_hls_inst_0_Topo2A_AD_proj_mul_15ns_3ns_17_1_1_1 |         18 |         18 |       0 |    0 |   0 |      0 |      0 |    0 |          0 |
|           mul_15ns_3ns_17_1_1_U575                                                        |                                            bd_0_hls_inst_0_Topo2A_AD_proj_mul_15ns_3ns_17_1_1_2 |         24 |         24 |       0 |    0 |   0 |      0 |      0 |    0 |          0 |
|           mul_15ns_3s_18_1_1_U572                                                         |                                               bd_0_hls_inst_0_Topo2A_AD_proj_mul_15ns_3s_18_1_1 |          6 |          6 |       0 |    0 |   0 |      0 |      0 |    0 |          0 |
|           mul_15ns_3s_18_1_1_U579                                                         |                                             bd_0_hls_inst_0_Topo2A_AD_proj_mul_15ns_3s_18_1_1_3 |         29 |         29 |       0 |    0 |   0 |      0 |      0 |    0 |          0 |
|           mul_15ns_4ns_18_1_1_U551                                                        |                                              bd_0_hls_inst_0_Topo2A_AD_proj_mul_15ns_4ns_18_1_1 |         46 |         46 |       0 |    0 |   0 |      0 |      0 |    0 |          0 |
|           mul_15ns_4ns_18_1_1_U553                                                        |                                            bd_0_hls_inst_0_Topo2A_AD_proj_mul_15ns_4ns_18_1_1_4 |         40 |         40 |       0 |    0 |   0 |      0 |      0 |    0 |          0 |
|           mul_15ns_4ns_18_1_1_U556                                                        |                                            bd_0_hls_inst_0_Topo2A_AD_proj_mul_15ns_4ns_18_1_1_5 |         35 |         35 |       0 |    0 |   0 |      0 |      0 |    0 |          0 |
|           mul_15ns_4ns_18_1_1_U559                                                        |                                            bd_0_hls_inst_0_Topo2A_AD_proj_mul_15ns_4ns_18_1_1_6 |         35 |         35 |       0 |    0 |   0 |      0 |      0 |    0 |          0 |
|           mul_15ns_4ns_18_1_1_U567                                                        |                                            bd_0_hls_inst_0_Topo2A_AD_proj_mul_15ns_4ns_18_1_1_7 |        266 |        266 |       0 |    0 |   0 |      0 |      0 |    0 |          0 |
|           mul_15ns_4ns_18_1_1_U568                                                        |                                            bd_0_hls_inst_0_Topo2A_AD_proj_mul_15ns_4ns_18_1_1_8 |         33 |         33 |       0 |    0 |   0 |      0 |      0 |    0 |          0 |
|           mul_15ns_4ns_18_1_1_U583                                                        |                                            bd_0_hls_inst_0_Topo2A_AD_proj_mul_15ns_4ns_18_1_1_9 |         29 |         29 |       0 |    0 |   0 |      0 |      0 |    0 |          0 |
|           mul_15ns_4s_19_1_1_U552                                                         |                                               bd_0_hls_inst_0_Topo2A_AD_proj_mul_15ns_4s_19_1_1 |         29 |         29 |       0 |    0 |   0 |      0 |      0 |    0 |          0 |
|           mul_15ns_4s_19_1_1_U585                                                         |                                            bd_0_hls_inst_0_Topo2A_AD_proj_mul_15ns_4s_19_1_1_10 |        309 |        309 |       0 |    0 |   0 |      0 |      0 |    0 |          0 |
|           mul_15ns_5ns_19_1_1_U558                                                        |                                              bd_0_hls_inst_0_Topo2A_AD_proj_mul_15ns_5ns_19_1_1 |        791 |        791 |       0 |    0 |   0 |      0 |      0 |    0 |          0 |
|           mul_15ns_5ns_19_1_1_U570                                                        |                                           bd_0_hls_inst_0_Topo2A_AD_proj_mul_15ns_5ns_19_1_1_11 |        264 |        264 |       0 |    0 |   0 |      0 |      0 |    0 |          0 |
|           mul_15ns_5ns_19_1_1_U571                                                        |                                           bd_0_hls_inst_0_Topo2A_AD_proj_mul_15ns_5ns_19_1_1_12 |        116 |        116 |       0 |    0 |   0 |      0 |      0 |    0 |          0 |
|           mul_15ns_5ns_19_1_1_U581                                                        |                                           bd_0_hls_inst_0_Topo2A_AD_proj_mul_15ns_5ns_19_1_1_13 |         62 |         62 |       0 |    0 |   0 |      0 |      0 |    0 |          0 |
|           mul_15ns_5ns_19_1_1_U584                                                        |                                           bd_0_hls_inst_0_Topo2A_AD_proj_mul_15ns_5ns_19_1_1_14 |        329 |        329 |       0 |    0 |   0 |      0 |      0 |    0 |          0 |
|           mul_15ns_5s_20_1_1_U547                                                         |                                               bd_0_hls_inst_0_Topo2A_AD_proj_mul_15ns_5s_20_1_1 |        309 |        309 |       0 |    0 |   0 |      0 |      0 |    0 |          0 |
|           mul_15ns_5s_20_1_1_U548                                                         |                                            bd_0_hls_inst_0_Topo2A_AD_proj_mul_15ns_5s_20_1_1_15 |         25 |         25 |       0 |    0 |   0 |      0 |      0 |    0 |          0 |
|           mul_15ns_5s_20_1_1_U549                                                         |                                            bd_0_hls_inst_0_Topo2A_AD_proj_mul_15ns_5s_20_1_1_16 |         46 |         46 |       0 |    0 |   0 |      0 |      0 |    0 |          0 |
|           mul_15ns_5s_20_1_1_U554                                                         |                                            bd_0_hls_inst_0_Topo2A_AD_proj_mul_15ns_5s_20_1_1_17 |        270 |        270 |       0 |    0 |   0 |      0 |      0 |    0 |          0 |
|           mul_15ns_5s_20_1_1_U564                                                         |                                            bd_0_hls_inst_0_Topo2A_AD_proj_mul_15ns_5s_20_1_1_18 |         38 |         38 |       0 |    0 |   0 |      0 |      0 |    0 |          0 |
|           mul_15ns_5s_20_1_1_U574                                                         |                                            bd_0_hls_inst_0_Topo2A_AD_proj_mul_15ns_5s_20_1_1_19 |        926 |        926 |       0 |    0 |   0 |      0 |      0 |    0 |          0 |
|           mul_15ns_5s_20_1_1_U577                                                         |                                            bd_0_hls_inst_0_Topo2A_AD_proj_mul_15ns_5s_20_1_1_20 |        277 |        277 |       0 |    0 |   0 |      0 |      0 |    0 |          0 |
|           mul_15ns_5s_20_1_1_U580                                                         |                                            bd_0_hls_inst_0_Topo2A_AD_proj_mul_15ns_5s_20_1_1_21 |        337 |        337 |       0 |    0 |   0 |      0 |      0 |    0 |          0 |
|           mul_15ns_5s_20_1_1_U582                                                         |                                            bd_0_hls_inst_0_Topo2A_AD_proj_mul_15ns_5s_20_1_1_22 |         32 |         32 |       0 |    0 |   0 |      0 |      0 |    0 |          0 |
|           mul_15ns_5s_20_1_1_U586                                                         |                                            bd_0_hls_inst_0_Topo2A_AD_proj_mul_15ns_5s_20_1_1_23 |         31 |         31 |       0 |    0 |   0 |      0 |      0 |    0 |          0 |
|           mul_15ns_6ns_20_1_1_U561                                                        |                                              bd_0_hls_inst_0_Topo2A_AD_proj_mul_15ns_6ns_20_1_1 |         19 |         19 |       0 |    0 |   0 |      0 |      0 |    0 |          0 |
|           mul_15ns_6ns_20_1_1_U565                                                        |                                           bd_0_hls_inst_0_Topo2A_AD_proj_mul_15ns_6ns_20_1_1_24 |         51 |         51 |       0 |    0 |   0 |      0 |      0 |    0 |          0 |
|           mul_15ns_6ns_20_1_1_U569                                                        |                                           bd_0_hls_inst_0_Topo2A_AD_proj_mul_15ns_6ns_20_1_1_25 |         75 |         75 |       0 |    0 |   0 |      0 |      0 |    0 |          0 |
|           mul_15ns_6ns_20_1_1_U578                                                        |                                           bd_0_hls_inst_0_Topo2A_AD_proj_mul_15ns_6ns_20_1_1_26 |        307 |        307 |       0 |    0 |   0 |      0 |      0 |    0 |          0 |
|           mul_15ns_6s_21_1_1_U550                                                         |                                               bd_0_hls_inst_0_Topo2A_AD_proj_mul_15ns_6s_21_1_1 |        302 |        302 |       0 |    0 |   0 |      0 |      0 |    0 |          0 |
|           mul_15ns_6s_21_1_1_U555                                                         |                                            bd_0_hls_inst_0_Topo2A_AD_proj_mul_15ns_6s_21_1_1_27 |       1322 |       1322 |       0 |    0 |   0 |      0 |      0 |    0 |          0 |
|           mul_15ns_6s_21_1_1_U560                                                         |                                            bd_0_hls_inst_0_Topo2A_AD_proj_mul_15ns_6s_21_1_1_28 |        356 |        356 |       0 |    0 |   0 |      0 |      0 |    0 |          0 |
|           mul_15ns_6s_21_1_1_U563                                                         |                                            bd_0_hls_inst_0_Topo2A_AD_proj_mul_15ns_6s_21_1_1_29 |        370 |        370 |       0 |    0 |   0 |      0 |      0 |    0 |          0 |
|           mul_15ns_6s_21_1_1_U566                                                         |                                            bd_0_hls_inst_0_Topo2A_AD_proj_mul_15ns_6s_21_1_1_30 |        476 |        476 |       0 |    0 |   0 |      0 |      0 |    0 |          0 |
|         call_ret_relu_ap_fixed_19_11_5_3_0_ap_ufixed_15_0_4_0_0_relu_config7_s_fu_560     |    bd_0_hls_inst_0_Topo2A_AD_proj_relu_ap_fixed_19_11_5_3_0_ap_ufixed_15_0_4_0_0_relu_config7_s |          0 |          0 |       0 |    0 |   0 |      0 |      0 |    0 |          0 |
+-------------------------------------------------------------------------------------------+-------------------------------------------------------------------------------------------------+------------+------------+---------+------+-----+--------+--------+------+------------+


