

================================================================
== Vitis HLS Report for 'linear_ap_fixed_22_3_5_3_0_ap_fixed_16_6_5_3_0_linear_config7_s'
================================================================
* Date:           Wed Oct 16 20:17:12 2024

* Version:        2024.1 (Build 5069499 on May 21 2024)
* Project:        Topo2A_AD_proj_prj
* Solution:       solution1 (Vivado IP Flow Target)
* Product family: virtexuplus
* Target device:  xcvu9p-flga2104-2-e


================================================================
== Performance Estimates
================================================================
+ Timing: 
    * Summary: 
    +--------+----------+----------+------------+
    |  Clock |  Target  | Estimated| Uncertainty|
    +--------+----------+----------+------------+
    |ap_clk  |  25.00 ns|      0 ns|     6.75 ns|
    +--------+----------+----------+------------+

+ Latency: 
    * Summary: 
    +---------+---------+----------+----------+-----+-----+---------+
    |  Latency (cycles) |  Latency (absolute) |  Interval | Pipeline|
    |   min   |   max   |    min   |    max   | min | max |   Type  |
    +---------+---------+----------+----------+-----+-----+---------+
    |        0|        0|      0 ns|      0 ns|    1|    1|      yes|
    +---------+---------+----------+----------+-----+-----+---------+

    + Detail: 
        * Instance: 
        N/A

        * Loop: 
        N/A

============================================================
+ Verbose Summary: Synthesis Manager
============================================================
InlineROM: 1
ExposeGlobal: 0
============================================================
+ Verbose Summary: CDFG Model
============================================================
IsTopModel: 0
ResetActiveHigh: 1
IsCombinational: 0
IsDatapathOnly: 0
HasWiredReturn: 1
HasMFsm: 2
HasVarLatency: 0
IsPipeline: 1
IsRtlPipelined: 0
IsInstanceOverlapped: 0
IsDontTouch: 0
HasImplIP: 0
IsGatedGlobalClock: 0

+ Individual pipeline summary: 
  * Pipeline-0: initiation interval (II) = 1, depth = 1


============================================================
+ Verbose Summary: Schedule
============================================================
* Number of FSM states : 1
* Pipeline : 1
  Pipeline-0 : II = 1, D = 1, States = { 1 }
* Dataflow Pipeline: 0

* FSM state transitions: 
1 --> 

* FSM state operations: 

State 1 <SV = 0> <Delay = 0.00>
ST_1 : Operation 2 [1/1] (0.00ns)   --->   "%specpipeline_ln32 = specpipeline void @_ssdm_op_SpecPipeline, i32 4294967295, i32 0, i32 0, i32 0, void @empty_0" [firmware/nnet_utils/nnet_activation.h:32]   --->   Operation 2 'specpipeline' 'specpipeline_ln32' <Predicate = true> <Delay = 0.00>
ST_1 : Operation 3 [1/1] (0.00ns)   --->   "%data_15_val_read = read i22 @_ssdm_op_Read.ap_auto.i22, i22 %data_15_val" [firmware/nnet_utils/nnet_activation.h:32]   --->   Operation 3 'read' 'data_15_val_read' <Predicate = true> <Delay = 0.00>
ST_1 : Operation 4 [1/1] (0.00ns)   --->   "%data_14_val_read = read i22 @_ssdm_op_Read.ap_auto.i22, i22 %data_14_val" [firmware/nnet_utils/nnet_activation.h:32]   --->   Operation 4 'read' 'data_14_val_read' <Predicate = true> <Delay = 0.00>
ST_1 : Operation 5 [1/1] (0.00ns)   --->   "%data_13_val_read = read i22 @_ssdm_op_Read.ap_auto.i22, i22 %data_13_val" [firmware/nnet_utils/nnet_activation.h:32]   --->   Operation 5 'read' 'data_13_val_read' <Predicate = true> <Delay = 0.00>
ST_1 : Operation 6 [1/1] (0.00ns)   --->   "%data_12_val_read = read i22 @_ssdm_op_Read.ap_auto.i22, i22 %data_12_val" [firmware/nnet_utils/nnet_activation.h:32]   --->   Operation 6 'read' 'data_12_val_read' <Predicate = true> <Delay = 0.00>
ST_1 : Operation 7 [1/1] (0.00ns)   --->   "%data_11_val_read = read i22 @_ssdm_op_Read.ap_auto.i22, i22 %data_11_val" [firmware/nnet_utils/nnet_activation.h:32]   --->   Operation 7 'read' 'data_11_val_read' <Predicate = true> <Delay = 0.00>
ST_1 : Operation 8 [1/1] (0.00ns)   --->   "%data_10_val_read = read i22 @_ssdm_op_Read.ap_auto.i22, i22 %data_10_val" [firmware/nnet_utils/nnet_activation.h:32]   --->   Operation 8 'read' 'data_10_val_read' <Predicate = true> <Delay = 0.00>
ST_1 : Operation 9 [1/1] (0.00ns)   --->   "%data_9_val_read = read i22 @_ssdm_op_Read.ap_auto.i22, i22 %data_9_val" [firmware/nnet_utils/nnet_activation.h:32]   --->   Operation 9 'read' 'data_9_val_read' <Predicate = true> <Delay = 0.00>
ST_1 : Operation 10 [1/1] (0.00ns)   --->   "%data_8_val_read = read i22 @_ssdm_op_Read.ap_auto.i22, i22 %data_8_val" [firmware/nnet_utils/nnet_activation.h:32]   --->   Operation 10 'read' 'data_8_val_read' <Predicate = true> <Delay = 0.00>
ST_1 : Operation 11 [1/1] (0.00ns)   --->   "%data_7_val_read = read i22 @_ssdm_op_Read.ap_auto.i22, i22 %data_7_val" [firmware/nnet_utils/nnet_activation.h:32]   --->   Operation 11 'read' 'data_7_val_read' <Predicate = true> <Delay = 0.00>
ST_1 : Operation 12 [1/1] (0.00ns)   --->   "%data_6_val_read = read i22 @_ssdm_op_Read.ap_auto.i22, i22 %data_6_val" [firmware/nnet_utils/nnet_activation.h:32]   --->   Operation 12 'read' 'data_6_val_read' <Predicate = true> <Delay = 0.00>
ST_1 : Operation 13 [1/1] (0.00ns)   --->   "%data_5_val_read = read i22 @_ssdm_op_Read.ap_auto.i22, i22 %data_5_val" [firmware/nnet_utils/nnet_activation.h:32]   --->   Operation 13 'read' 'data_5_val_read' <Predicate = true> <Delay = 0.00>
ST_1 : Operation 14 [1/1] (0.00ns)   --->   "%data_4_val_read = read i22 @_ssdm_op_Read.ap_auto.i22, i22 %data_4_val" [firmware/nnet_utils/nnet_activation.h:32]   --->   Operation 14 'read' 'data_4_val_read' <Predicate = true> <Delay = 0.00>
ST_1 : Operation 15 [1/1] (0.00ns)   --->   "%data_3_val_read = read i22 @_ssdm_op_Read.ap_auto.i22, i22 %data_3_val" [firmware/nnet_utils/nnet_activation.h:32]   --->   Operation 15 'read' 'data_3_val_read' <Predicate = true> <Delay = 0.00>
ST_1 : Operation 16 [1/1] (0.00ns)   --->   "%data_2_val_read = read i22 @_ssdm_op_Read.ap_auto.i22, i22 %data_2_val" [firmware/nnet_utils/nnet_activation.h:32]   --->   Operation 16 'read' 'data_2_val_read' <Predicate = true> <Delay = 0.00>
ST_1 : Operation 17 [1/1] (0.00ns)   --->   "%data_1_val_read = read i22 @_ssdm_op_Read.ap_auto.i22, i22 %data_1_val" [firmware/nnet_utils/nnet_activation.h:32]   --->   Operation 17 'read' 'data_1_val_read' <Predicate = true> <Delay = 0.00>
ST_1 : Operation 18 [1/1] (0.00ns)   --->   "%data_0_val_read = read i22 @_ssdm_op_Read.ap_auto.i22, i22 %data_0_val" [firmware/nnet_utils/nnet_activation.h:32]   --->   Operation 18 'read' 'data_0_val_read' <Predicate = true> <Delay = 0.00>
ST_1 : Operation 19 [1/1] (0.00ns)   --->   "%trunc_ln = partselect i13 @_ssdm_op_PartSelect.i13.i22.i32.i32, i22 %data_0_val_read, i32 9, i32 21" [firmware/nnet_utils/nnet_activation.h:32]   --->   Operation 19 'partselect' 'trunc_ln' <Predicate = true> <Delay = 0.00>
ST_1 : Operation 20 [1/1] (0.00ns)   --->   "%sext_ln32 = sext i13 %trunc_ln" [firmware/nnet_utils/nnet_activation.h:32]   --->   Operation 20 'sext' 'sext_ln32' <Predicate = true> <Delay = 0.00>
ST_1 : Operation 21 [1/1] (0.00ns)   --->   "%trunc_ln32_s = partselect i13 @_ssdm_op_PartSelect.i13.i22.i32.i32, i22 %data_1_val_read, i32 9, i32 21" [firmware/nnet_utils/nnet_activation.h:32]   --->   Operation 21 'partselect' 'trunc_ln32_s' <Predicate = true> <Delay = 0.00>
ST_1 : Operation 22 [1/1] (0.00ns)   --->   "%sext_ln32_3 = sext i13 %trunc_ln32_s" [firmware/nnet_utils/nnet_activation.h:32]   --->   Operation 22 'sext' 'sext_ln32_3' <Predicate = true> <Delay = 0.00>
ST_1 : Operation 23 [1/1] (0.00ns)   --->   "%trunc_ln32_32 = partselect i13 @_ssdm_op_PartSelect.i13.i22.i32.i32, i22 %data_2_val_read, i32 9, i32 21" [firmware/nnet_utils/nnet_activation.h:32]   --->   Operation 23 'partselect' 'trunc_ln32_32' <Predicate = true> <Delay = 0.00>
ST_1 : Operation 24 [1/1] (0.00ns)   --->   "%sext_ln32_4 = sext i13 %trunc_ln32_32" [firmware/nnet_utils/nnet_activation.h:32]   --->   Operation 24 'sext' 'sext_ln32_4' <Predicate = true> <Delay = 0.00>
ST_1 : Operation 25 [1/1] (0.00ns)   --->   "%trunc_ln32_33 = partselect i13 @_ssdm_op_PartSelect.i13.i22.i32.i32, i22 %data_3_val_read, i32 9, i32 21" [firmware/nnet_utils/nnet_activation.h:32]   --->   Operation 25 'partselect' 'trunc_ln32_33' <Predicate = true> <Delay = 0.00>
ST_1 : Operation 26 [1/1] (0.00ns)   --->   "%sext_ln32_5 = sext i13 %trunc_ln32_33" [firmware/nnet_utils/nnet_activation.h:32]   --->   Operation 26 'sext' 'sext_ln32_5' <Predicate = true> <Delay = 0.00>
ST_1 : Operation 27 [1/1] (0.00ns)   --->   "%trunc_ln32_34 = partselect i13 @_ssdm_op_PartSelect.i13.i22.i32.i32, i22 %data_4_val_read, i32 9, i32 21" [firmware/nnet_utils/nnet_activation.h:32]   --->   Operation 27 'partselect' 'trunc_ln32_34' <Predicate = true> <Delay = 0.00>
ST_1 : Operation 28 [1/1] (0.00ns)   --->   "%sext_ln32_6 = sext i13 %trunc_ln32_34" [firmware/nnet_utils/nnet_activation.h:32]   --->   Operation 28 'sext' 'sext_ln32_6' <Predicate = true> <Delay = 0.00>
ST_1 : Operation 29 [1/1] (0.00ns)   --->   "%trunc_ln32_35 = partselect i13 @_ssdm_op_PartSelect.i13.i22.i32.i32, i22 %data_5_val_read, i32 9, i32 21" [firmware/nnet_utils/nnet_activation.h:32]   --->   Operation 29 'partselect' 'trunc_ln32_35' <Predicate = true> <Delay = 0.00>
ST_1 : Operation 30 [1/1] (0.00ns)   --->   "%sext_ln32_7 = sext i13 %trunc_ln32_35" [firmware/nnet_utils/nnet_activation.h:32]   --->   Operation 30 'sext' 'sext_ln32_7' <Predicate = true> <Delay = 0.00>
ST_1 : Operation 31 [1/1] (0.00ns)   --->   "%trunc_ln32_36 = partselect i13 @_ssdm_op_PartSelect.i13.i22.i32.i32, i22 %data_6_val_read, i32 9, i32 21" [firmware/nnet_utils/nnet_activation.h:32]   --->   Operation 31 'partselect' 'trunc_ln32_36' <Predicate = true> <Delay = 0.00>
ST_1 : Operation 32 [1/1] (0.00ns)   --->   "%sext_ln32_8 = sext i13 %trunc_ln32_36" [firmware/nnet_utils/nnet_activation.h:32]   --->   Operation 32 'sext' 'sext_ln32_8' <Predicate = true> <Delay = 0.00>
ST_1 : Operation 33 [1/1] (0.00ns)   --->   "%trunc_ln32_37 = partselect i13 @_ssdm_op_PartSelect.i13.i22.i32.i32, i22 %data_7_val_read, i32 9, i32 21" [firmware/nnet_utils/nnet_activation.h:32]   --->   Operation 33 'partselect' 'trunc_ln32_37' <Predicate = true> <Delay = 0.00>
ST_1 : Operation 34 [1/1] (0.00ns)   --->   "%sext_ln32_9 = sext i13 %trunc_ln32_37" [firmware/nnet_utils/nnet_activation.h:32]   --->   Operation 34 'sext' 'sext_ln32_9' <Predicate = true> <Delay = 0.00>
ST_1 : Operation 35 [1/1] (0.00ns)   --->   "%trunc_ln32_38 = partselect i13 @_ssdm_op_PartSelect.i13.i22.i32.i32, i22 %data_8_val_read, i32 9, i32 21" [firmware/nnet_utils/nnet_activation.h:32]   --->   Operation 35 'partselect' 'trunc_ln32_38' <Predicate = true> <Delay = 0.00>
ST_1 : Operation 36 [1/1] (0.00ns)   --->   "%sext_ln32_10 = sext i13 %trunc_ln32_38" [firmware/nnet_utils/nnet_activation.h:32]   --->   Operation 36 'sext' 'sext_ln32_10' <Predicate = true> <Delay = 0.00>
ST_1 : Operation 37 [1/1] (0.00ns)   --->   "%trunc_ln32_39 = partselect i13 @_ssdm_op_PartSelect.i13.i22.i32.i32, i22 %data_9_val_read, i32 9, i32 21" [firmware/nnet_utils/nnet_activation.h:32]   --->   Operation 37 'partselect' 'trunc_ln32_39' <Predicate = true> <Delay = 0.00>
ST_1 : Operation 38 [1/1] (0.00ns)   --->   "%sext_ln32_11 = sext i13 %trunc_ln32_39" [firmware/nnet_utils/nnet_activation.h:32]   --->   Operation 38 'sext' 'sext_ln32_11' <Predicate = true> <Delay = 0.00>
ST_1 : Operation 39 [1/1] (0.00ns)   --->   "%trunc_ln32_40 = partselect i13 @_ssdm_op_PartSelect.i13.i22.i32.i32, i22 %data_10_val_read, i32 9, i32 21" [firmware/nnet_utils/nnet_activation.h:32]   --->   Operation 39 'partselect' 'trunc_ln32_40' <Predicate = true> <Delay = 0.00>
ST_1 : Operation 40 [1/1] (0.00ns)   --->   "%sext_ln32_12 = sext i13 %trunc_ln32_40" [firmware/nnet_utils/nnet_activation.h:32]   --->   Operation 40 'sext' 'sext_ln32_12' <Predicate = true> <Delay = 0.00>
ST_1 : Operation 41 [1/1] (0.00ns)   --->   "%trunc_ln32_41 = partselect i13 @_ssdm_op_PartSelect.i13.i22.i32.i32, i22 %data_11_val_read, i32 9, i32 21" [firmware/nnet_utils/nnet_activation.h:32]   --->   Operation 41 'partselect' 'trunc_ln32_41' <Predicate = true> <Delay = 0.00>
ST_1 : Operation 42 [1/1] (0.00ns)   --->   "%sext_ln32_13 = sext i13 %trunc_ln32_41" [firmware/nnet_utils/nnet_activation.h:32]   --->   Operation 42 'sext' 'sext_ln32_13' <Predicate = true> <Delay = 0.00>
ST_1 : Operation 43 [1/1] (0.00ns)   --->   "%trunc_ln32_42 = partselect i13 @_ssdm_op_PartSelect.i13.i22.i32.i32, i22 %data_12_val_read, i32 9, i32 21" [firmware/nnet_utils/nnet_activation.h:32]   --->   Operation 43 'partselect' 'trunc_ln32_42' <Predicate = true> <Delay = 0.00>
ST_1 : Operation 44 [1/1] (0.00ns)   --->   "%sext_ln32_14 = sext i13 %trunc_ln32_42" [firmware/nnet_utils/nnet_activation.h:32]   --->   Operation 44 'sext' 'sext_ln32_14' <Predicate = true> <Delay = 0.00>
ST_1 : Operation 45 [1/1] (0.00ns)   --->   "%trunc_ln32_43 = partselect i13 @_ssdm_op_PartSelect.i13.i22.i32.i32, i22 %data_13_val_read, i32 9, i32 21" [firmware/nnet_utils/nnet_activation.h:32]   --->   Operation 45 'partselect' 'trunc_ln32_43' <Predicate = true> <Delay = 0.00>
ST_1 : Operation 46 [1/1] (0.00ns)   --->   "%sext_ln32_15 = sext i13 %trunc_ln32_43" [firmware/nnet_utils/nnet_activation.h:32]   --->   Operation 46 'sext' 'sext_ln32_15' <Predicate = true> <Delay = 0.00>
ST_1 : Operation 47 [1/1] (0.00ns)   --->   "%trunc_ln32_44 = partselect i13 @_ssdm_op_PartSelect.i13.i22.i32.i32, i22 %data_14_val_read, i32 9, i32 21" [firmware/nnet_utils/nnet_activation.h:32]   --->   Operation 47 'partselect' 'trunc_ln32_44' <Predicate = true> <Delay = 0.00>
ST_1 : Operation 48 [1/1] (0.00ns)   --->   "%sext_ln32_16 = sext i13 %trunc_ln32_44" [firmware/nnet_utils/nnet_activation.h:32]   --->   Operation 48 'sext' 'sext_ln32_16' <Predicate = true> <Delay = 0.00>
ST_1 : Operation 49 [1/1] (0.00ns)   --->   "%trunc_ln32_45 = partselect i13 @_ssdm_op_PartSelect.i13.i22.i32.i32, i22 %data_15_val_read, i32 9, i32 21" [firmware/nnet_utils/nnet_activation.h:32]   --->   Operation 49 'partselect' 'trunc_ln32_45' <Predicate = true> <Delay = 0.00>
ST_1 : Operation 50 [1/1] (0.00ns)   --->   "%sext_ln32_17 = sext i13 %trunc_ln32_45" [firmware/nnet_utils/nnet_activation.h:32]   --->   Operation 50 'sext' 'sext_ln32_17' <Predicate = true> <Delay = 0.00>
ST_1 : Operation 51 [1/1] (0.00ns)   --->   "%mrv = insertvalue i256 <undef>, i16 %sext_ln32" [firmware/nnet_utils/nnet_activation.h:34]   --->   Operation 51 'insertvalue' 'mrv' <Predicate = true> <Delay = 0.00>
ST_1 : Operation 52 [1/1] (0.00ns)   --->   "%mrv_1 = insertvalue i256 %mrv, i16 %sext_ln32_3" [firmware/nnet_utils/nnet_activation.h:34]   --->   Operation 52 'insertvalue' 'mrv_1' <Predicate = true> <Delay = 0.00>
ST_1 : Operation 53 [1/1] (0.00ns)   --->   "%mrv_2 = insertvalue i256 %mrv_1, i16 %sext_ln32_4" [firmware/nnet_utils/nnet_activation.h:34]   --->   Operation 53 'insertvalue' 'mrv_2' <Predicate = true> <Delay = 0.00>
ST_1 : Operation 54 [1/1] (0.00ns)   --->   "%mrv_3 = insertvalue i256 %mrv_2, i16 %sext_ln32_5" [firmware/nnet_utils/nnet_activation.h:34]   --->   Operation 54 'insertvalue' 'mrv_3' <Predicate = true> <Delay = 0.00>
ST_1 : Operation 55 [1/1] (0.00ns)   --->   "%mrv_4 = insertvalue i256 %mrv_3, i16 %sext_ln32_6" [firmware/nnet_utils/nnet_activation.h:34]   --->   Operation 55 'insertvalue' 'mrv_4' <Predicate = true> <Delay = 0.00>
ST_1 : Operation 56 [1/1] (0.00ns)   --->   "%mrv_5 = insertvalue i256 %mrv_4, i16 %sext_ln32_7" [firmware/nnet_utils/nnet_activation.h:34]   --->   Operation 56 'insertvalue' 'mrv_5' <Predicate = true> <Delay = 0.00>
ST_1 : Operation 57 [1/1] (0.00ns)   --->   "%mrv_6 = insertvalue i256 %mrv_5, i16 %sext_ln32_8" [firmware/nnet_utils/nnet_activation.h:34]   --->   Operation 57 'insertvalue' 'mrv_6' <Predicate = true> <Delay = 0.00>
ST_1 : Operation 58 [1/1] (0.00ns)   --->   "%mrv_7 = insertvalue i256 %mrv_6, i16 %sext_ln32_9" [firmware/nnet_utils/nnet_activation.h:34]   --->   Operation 58 'insertvalue' 'mrv_7' <Predicate = true> <Delay = 0.00>
ST_1 : Operation 59 [1/1] (0.00ns)   --->   "%mrv_8 = insertvalue i256 %mrv_7, i16 %sext_ln32_10" [firmware/nnet_utils/nnet_activation.h:34]   --->   Operation 59 'insertvalue' 'mrv_8' <Predicate = true> <Delay = 0.00>
ST_1 : Operation 60 [1/1] (0.00ns)   --->   "%mrv_9 = insertvalue i256 %mrv_8, i16 %sext_ln32_11" [firmware/nnet_utils/nnet_activation.h:34]   --->   Operation 60 'insertvalue' 'mrv_9' <Predicate = true> <Delay = 0.00>
ST_1 : Operation 61 [1/1] (0.00ns)   --->   "%mrv_10 = insertvalue i256 %mrv_9, i16 %sext_ln32_12" [firmware/nnet_utils/nnet_activation.h:34]   --->   Operation 61 'insertvalue' 'mrv_10' <Predicate = true> <Delay = 0.00>
ST_1 : Operation 62 [1/1] (0.00ns)   --->   "%mrv_11 = insertvalue i256 %mrv_10, i16 %sext_ln32_13" [firmware/nnet_utils/nnet_activation.h:34]   --->   Operation 62 'insertvalue' 'mrv_11' <Predicate = true> <Delay = 0.00>
ST_1 : Operation 63 [1/1] (0.00ns)   --->   "%mrv_12 = insertvalue i256 %mrv_11, i16 %sext_ln32_14" [firmware/nnet_utils/nnet_activation.h:34]   --->   Operation 63 'insertvalue' 'mrv_12' <Predicate = true> <Delay = 0.00>
ST_1 : Operation 64 [1/1] (0.00ns)   --->   "%mrv_13 = insertvalue i256 %mrv_12, i16 %sext_ln32_15" [firmware/nnet_utils/nnet_activation.h:34]   --->   Operation 64 'insertvalue' 'mrv_13' <Predicate = true> <Delay = 0.00>
ST_1 : Operation 65 [1/1] (0.00ns)   --->   "%mrv_14 = insertvalue i256 %mrv_13, i16 %sext_ln32_16" [firmware/nnet_utils/nnet_activation.h:34]   --->   Operation 65 'insertvalue' 'mrv_14' <Predicate = true> <Delay = 0.00>
ST_1 : Operation 66 [1/1] (0.00ns)   --->   "%mrv_15 = insertvalue i256 %mrv_14, i16 %sext_ln32_17" [firmware/nnet_utils/nnet_activation.h:34]   --->   Operation 66 'insertvalue' 'mrv_15' <Predicate = true> <Delay = 0.00>
ST_1 : Operation 67 [1/1] (0.00ns)   --->   "%ret_ln34 = ret i256 %mrv_15" [firmware/nnet_utils/nnet_activation.h:34]   --->   Operation 67 'ret' 'ret_ln34' <Predicate = true> <Delay = 0.00>


============================================================
+ Verbose Summary: Binding
============================================================
STG Binding: 
---------------- STG Properties BEGIN ----------------
- Is combinational: 1
- Is one-state seq: 0
- Is datapath-only: 0
- Is pipelined: 1
- Is top level: 0
Port [ Return ] is wired: 1; IO mode=ap_ctrl_hs:ce=0
Port [ data_0_val]:  wired=1; compound=0; hidden=0; nouse=0; global=0; static=0; extern=0; dir=0; type=0; pingpong=0; private_global=0; IO mode=ap_none:ce=0
Port [ data_1_val]:  wired=1; compound=0; hidden=0; nouse=0; global=0; static=0; extern=0; dir=0; type=0; pingpong=0; private_global=0; IO mode=ap_none:ce=0
Port [ data_2_val]:  wired=1; compound=0; hidden=0; nouse=0; global=0; static=0; extern=0; dir=0; type=0; pingpong=0; private_global=0; IO mode=ap_none:ce=0
Port [ data_3_val]:  wired=1; compound=0; hidden=0; nouse=0; global=0; static=0; extern=0; dir=0; type=0; pingpong=0; private_global=0; IO mode=ap_none:ce=0
Port [ data_4_val]:  wired=1; compound=0; hidden=0; nouse=0; global=0; static=0; extern=0; dir=0; type=0; pingpong=0; private_global=0; IO mode=ap_none:ce=0
Port [ data_5_val]:  wired=1; compound=0; hidden=0; nouse=0; global=0; static=0; extern=0; dir=0; type=0; pingpong=0; private_global=0; IO mode=ap_none:ce=0
Port [ data_6_val]:  wired=1; compound=0; hidden=0; nouse=0; global=0; static=0; extern=0; dir=0; type=0; pingpong=0; private_global=0; IO mode=ap_none:ce=0
Port [ data_7_val]:  wired=1; compound=0; hidden=0; nouse=0; global=0; static=0; extern=0; dir=0; type=0; pingpong=0; private_global=0; IO mode=ap_none:ce=0
Port [ data_8_val]:  wired=1; compound=0; hidden=0; nouse=0; global=0; static=0; extern=0; dir=0; type=0; pingpong=0; private_global=0; IO mode=ap_none:ce=0
Port [ data_9_val]:  wired=1; compound=0; hidden=0; nouse=0; global=0; static=0; extern=0; dir=0; type=0; pingpong=0; private_global=0; IO mode=ap_none:ce=0
Port [ data_10_val]:  wired=1; compound=0; hidden=0; nouse=0; global=0; static=0; extern=0; dir=0; type=0; pingpong=0; private_global=0; IO mode=ap_none:ce=0
Port [ data_11_val]:  wired=1; compound=0; hidden=0; nouse=0; global=0; static=0; extern=0; dir=0; type=0; pingpong=0; private_global=0; IO mode=ap_none:ce=0
Port [ data_12_val]:  wired=1; compound=0; hidden=0; nouse=0; global=0; static=0; extern=0; dir=0; type=0; pingpong=0; private_global=0; IO mode=ap_none:ce=0
Port [ data_13_val]:  wired=1; compound=0; hidden=0; nouse=0; global=0; static=0; extern=0; dir=0; type=0; pingpong=0; private_global=0; IO mode=ap_none:ce=0
Port [ data_14_val]:  wired=1; compound=0; hidden=0; nouse=0; global=0; static=0; extern=0; dir=0; type=0; pingpong=0; private_global=0; IO mode=ap_none:ce=0
Port [ data_15_val]:  wired=1; compound=0; hidden=0; nouse=0; global=0; static=0; extern=0; dir=0; type=0; pingpong=0; private_global=0; IO mode=ap_none:ce=0
---------------- STG Properties END ------------------

---------------- Datapath Model BEGIN ----------------

<LifeTime>
<method=bitvector/>
specpipeline_ln32 (specpipeline) [ 00]
data_15_val_read  (read        ) [ 00]
data_14_val_read  (read        ) [ 00]
data_13_val_read  (read        ) [ 00]
data_12_val_read  (read        ) [ 00]
data_11_val_read  (read        ) [ 00]
data_10_val_read  (read        ) [ 00]
data_9_val_read   (read        ) [ 00]
data_8_val_read   (read        ) [ 00]
data_7_val_read   (read        ) [ 00]
data_6_val_read   (read        ) [ 00]
data_5_val_read   (read        ) [ 00]
data_4_val_read   (read        ) [ 00]
data_3_val_read   (read        ) [ 00]
data_2_val_read   (read        ) [ 00]
data_1_val_read   (read        ) [ 00]
data_0_val_read   (read        ) [ 00]
trunc_ln          (partselect  ) [ 00]
sext_ln32         (sext        ) [ 00]
trunc_ln32_s      (partselect  ) [ 00]
sext_ln32_3       (sext        ) [ 00]
trunc_ln32_32     (partselect  ) [ 00]
sext_ln32_4       (sext        ) [ 00]
trunc_ln32_33     (partselect  ) [ 00]
sext_ln32_5       (sext        ) [ 00]
trunc_ln32_34     (partselect  ) [ 00]
sext_ln32_6       (sext        ) [ 00]
trunc_ln32_35     (partselect  ) [ 00]
sext_ln32_7       (sext        ) [ 00]
trunc_ln32_36     (partselect  ) [ 00]
sext_ln32_8       (sext        ) [ 00]
trunc_ln32_37     (partselect  ) [ 00]
sext_ln32_9       (sext        ) [ 00]
trunc_ln32_38     (partselect  ) [ 00]
sext_ln32_10      (sext        ) [ 00]
trunc_ln32_39     (partselect  ) [ 00]
sext_ln32_11      (sext        ) [ 00]
trunc_ln32_40     (partselect  ) [ 00]
sext_ln32_12      (sext        ) [ 00]
trunc_ln32_41     (partselect  ) [ 00]
sext_ln32_13      (sext        ) [ 00]
trunc_ln32_42     (partselect  ) [ 00]
sext_ln32_14      (sext        ) [ 00]
trunc_ln32_43     (partselect  ) [ 00]
sext_ln32_15      (sext        ) [ 00]
trunc_ln32_44     (partselect  ) [ 00]
sext_ln32_16      (sext        ) [ 00]
trunc_ln32_45     (partselect  ) [ 00]
sext_ln32_17      (sext        ) [ 00]
mrv               (insertvalue ) [ 00]
mrv_1             (insertvalue ) [ 00]
mrv_2             (insertvalue ) [ 00]
mrv_3             (insertvalue ) [ 00]
mrv_4             (insertvalue ) [ 00]
mrv_5             (insertvalue ) [ 00]
mrv_6             (insertvalue ) [ 00]
mrv_7             (insertvalue ) [ 00]
mrv_8             (insertvalue ) [ 00]
mrv_9             (insertvalue ) [ 00]
mrv_10            (insertvalue ) [ 00]
mrv_11            (insertvalue ) [ 00]
mrv_12            (insertvalue ) [ 00]
mrv_13            (insertvalue ) [ 00]
mrv_14            (insertvalue ) [ 00]
mrv_15            (insertvalue ) [ 00]
ret_ln34          (ret         ) [ 00]
</LifeTime>

<model>

<comp_list>
<comp id="0" class="1000" name="data_0_val">
<pin_list>
<pin id="1" dir="1" index="0" bw="1" slack="0"/>
</pin_list>
<bind>
<StgValue><ssdm name="data_0_val"/></StgValue>
</bind>
</comp>

<comp id="2" class="1000" name="data_1_val">
<pin_list>
<pin id="3" dir="1" index="0" bw="1" slack="0"/>
</pin_list>
<bind>
<StgValue><ssdm name="data_1_val"/></StgValue>
</bind>
</comp>

<comp id="4" class="1000" name="data_2_val">
<pin_list>
<pin id="5" dir="1" index="0" bw="1" slack="0"/>
</pin_list>
<bind>
<StgValue><ssdm name="data_2_val"/></StgValue>
</bind>
</comp>

<comp id="6" class="1000" name="data_3_val">
<pin_list>
<pin id="7" dir="1" index="0" bw="1" slack="0"/>
</pin_list>
<bind>
<StgValue><ssdm name="data_3_val"/></StgValue>
</bind>
</comp>

<comp id="8" class="1000" name="data_4_val">
<pin_list>
<pin id="9" dir="1" index="0" bw="1" slack="0"/>
</pin_list>
<bind>
<StgValue><ssdm name="data_4_val"/></StgValue>
</bind>
</comp>

<comp id="10" class="1000" name="data_5_val">
<pin_list>
<pin id="11" dir="1" index="0" bw="1" slack="0"/>
</pin_list>
<bind>
<StgValue><ssdm name="data_5_val"/></StgValue>
</bind>
</comp>

<comp id="12" class="1000" name="data_6_val">
<pin_list>
<pin id="13" dir="1" index="0" bw="1" slack="0"/>
</pin_list>
<bind>
<StgValue><ssdm name="data_6_val"/></StgValue>
</bind>
</comp>

<comp id="14" class="1000" name="data_7_val">
<pin_list>
<pin id="15" dir="1" index="0" bw="1" slack="0"/>
</pin_list>
<bind>
<StgValue><ssdm name="data_7_val"/></StgValue>
</bind>
</comp>

<comp id="16" class="1000" name="data_8_val">
<pin_list>
<pin id="17" dir="1" index="0" bw="1" slack="0"/>
</pin_list>
<bind>
<StgValue><ssdm name="data_8_val"/></StgValue>
</bind>
</comp>

<comp id="18" class="1000" name="data_9_val">
<pin_list>
<pin id="19" dir="1" index="0" bw="1" slack="0"/>
</pin_list>
<bind>
<StgValue><ssdm name="data_9_val"/></StgValue>
</bind>
</comp>

<comp id="20" class="1000" name="data_10_val">
<pin_list>
<pin id="21" dir="1" index="0" bw="1" slack="0"/>
</pin_list>
<bind>
<StgValue><ssdm name="data_10_val"/></StgValue>
</bind>
</comp>

<comp id="22" class="1000" name="data_11_val">
<pin_list>
<pin id="23" dir="1" index="0" bw="1" slack="0"/>
</pin_list>
<bind>
<StgValue><ssdm name="data_11_val"/></StgValue>
</bind>
</comp>

<comp id="24" class="1000" name="data_12_val">
<pin_list>
<pin id="25" dir="1" index="0" bw="1" slack="0"/>
</pin_list>
<bind>
<StgValue><ssdm name="data_12_val"/></StgValue>
</bind>
</comp>

<comp id="26" class="1000" name="data_13_val">
<pin_list>
<pin id="27" dir="1" index="0" bw="1" slack="0"/>
</pin_list>
<bind>
<StgValue><ssdm name="data_13_val"/></StgValue>
</bind>
</comp>

<comp id="28" class="1000" name="data_14_val">
<pin_list>
<pin id="29" dir="1" index="0" bw="1" slack="0"/>
</pin_list>
<bind>
<StgValue><ssdm name="data_14_val"/></StgValue>
</bind>
</comp>

<comp id="30" class="1000" name="data_15_val">
<pin_list>
<pin id="31" dir="1" index="0" bw="1" slack="0"/>
</pin_list>
<bind>
<StgValue><ssdm name="data_15_val"/></StgValue>
</bind>
</comp>

<comp id="32" class="1001" name="const_32">
<pin_list>
<pin id="33" dir="1" index="0" bw="1" slack="2147483647"/>
</pin_list>
<bind>
<StgValue><ssdm name="_ssdm_op_SpecPipeline"/></StgValue>
</bind>
</comp>

<comp id="34" class="1001" name="const_34">
<pin_list>
<pin id="35" dir="1" index="0" bw="1" slack="2147483647"/>
</pin_list>
<bind>
<StgValue><ssdm name=""/></StgValue>
</bind>
</comp>

<comp id="36" class="1001" name="const_36">
<pin_list>
<pin id="37" dir="1" index="0" bw="1" slack="2147483647"/>
</pin_list>
<bind>
<StgValue><ssdm name=""/></StgValue>
</bind>
</comp>

<comp id="38" class="1001" name="const_38">
<pin_list>
<pin id="39" dir="1" index="0" bw="1" slack="2147483647"/>
</pin_list>
<bind>
<StgValue><ssdm name="empty_0"/></StgValue>
</bind>
</comp>

<comp id="40" class="1001" name="const_40">
<pin_list>
<pin id="41" dir="1" index="0" bw="1" slack="0"/>
</pin_list>
<bind>
<StgValue><ssdm name="_ssdm_op_Read.ap_auto.i22"/></StgValue>
</bind>
</comp>

<comp id="42" class="1001" name="const_42">
<pin_list>
<pin id="43" dir="1" index="0" bw="1" slack="0"/>
</pin_list>
<bind>
<StgValue><ssdm name="_ssdm_op_PartSelect.i13.i22.i32.i32"/></StgValue>
</bind>
</comp>

<comp id="44" class="1001" name="const_44">
<pin_list>
<pin id="45" dir="1" index="0" bw="1" slack="0"/>
</pin_list>
<bind>
<StgValue><ssdm name=""/></StgValue>
</bind>
</comp>

<comp id="46" class="1001" name="const_46">
<pin_list>
<pin id="47" dir="1" index="0" bw="1" slack="0"/>
</pin_list>
<bind>
<StgValue><ssdm name=""/></StgValue>
</bind>
</comp>

<comp id="48" class="1001" name="const_48">
<pin_list>
<pin id="49" dir="1" index="0" bw="1" slack="0"/>
</pin_list>
<bind>
<StgValue><ssdm name=""/></StgValue>
</bind>
</comp>

<comp id="50" class="1004" name="data_15_val_read_read_fu_50">
<pin_list>
<pin id="51" dir="0" index="0" bw="22" slack="0"/>
<pin id="52" dir="0" index="1" bw="22" slack="0"/>
<pin id="53" dir="1" index="2" bw="22" slack="0"/>
</pin_list>
<bind>
<opcode="read(1150) " fcode="read"/>
<opset="data_15_val_read/1 "/>
</bind>
</comp>

<comp id="56" class="1004" name="data_14_val_read_read_fu_56">
<pin_list>
<pin id="57" dir="0" index="0" bw="22" slack="0"/>
<pin id="58" dir="0" index="1" bw="22" slack="0"/>
<pin id="59" dir="1" index="2" bw="22" slack="0"/>
</pin_list>
<bind>
<opcode="read(1150) " fcode="read"/>
<opset="data_14_val_read/1 "/>
</bind>
</comp>

<comp id="62" class="1004" name="data_13_val_read_read_fu_62">
<pin_list>
<pin id="63" dir="0" index="0" bw="22" slack="0"/>
<pin id="64" dir="0" index="1" bw="22" slack="0"/>
<pin id="65" dir="1" index="2" bw="22" slack="0"/>
</pin_list>
<bind>
<opcode="read(1150) " fcode="read"/>
<opset="data_13_val_read/1 "/>
</bind>
</comp>

<comp id="68" class="1004" name="data_12_val_read_read_fu_68">
<pin_list>
<pin id="69" dir="0" index="0" bw="22" slack="0"/>
<pin id="70" dir="0" index="1" bw="22" slack="0"/>
<pin id="71" dir="1" index="2" bw="22" slack="0"/>
</pin_list>
<bind>
<opcode="read(1150) " fcode="read"/>
<opset="data_12_val_read/1 "/>
</bind>
</comp>

<comp id="74" class="1004" name="data_11_val_read_read_fu_74">
<pin_list>
<pin id="75" dir="0" index="0" bw="22" slack="0"/>
<pin id="76" dir="0" index="1" bw="22" slack="0"/>
<pin id="77" dir="1" index="2" bw="22" slack="0"/>
</pin_list>
<bind>
<opcode="read(1150) " fcode="read"/>
<opset="data_11_val_read/1 "/>
</bind>
</comp>

<comp id="80" class="1004" name="data_10_val_read_read_fu_80">
<pin_list>
<pin id="81" dir="0" index="0" bw="22" slack="0"/>
<pin id="82" dir="0" index="1" bw="22" slack="0"/>
<pin id="83" dir="1" index="2" bw="22" slack="0"/>
</pin_list>
<bind>
<opcode="read(1150) " fcode="read"/>
<opset="data_10_val_read/1 "/>
</bind>
</comp>

<comp id="86" class="1004" name="data_9_val_read_read_fu_86">
<pin_list>
<pin id="87" dir="0" index="0" bw="22" slack="0"/>
<pin id="88" dir="0" index="1" bw="22" slack="0"/>
<pin id="89" dir="1" index="2" bw="22" slack="0"/>
</pin_list>
<bind>
<opcode="read(1150) " fcode="read"/>
<opset="data_9_val_read/1 "/>
</bind>
</comp>

<comp id="92" class="1004" name="data_8_val_read_read_fu_92">
<pin_list>
<pin id="93" dir="0" index="0" bw="22" slack="0"/>
<pin id="94" dir="0" index="1" bw="22" slack="0"/>
<pin id="95" dir="1" index="2" bw="22" slack="0"/>
</pin_list>
<bind>
<opcode="read(1150) " fcode="read"/>
<opset="data_8_val_read/1 "/>
</bind>
</comp>

<comp id="98" class="1004" name="data_7_val_read_read_fu_98">
<pin_list>
<pin id="99" dir="0" index="0" bw="22" slack="0"/>
<pin id="100" dir="0" index="1" bw="22" slack="0"/>
<pin id="101" dir="1" index="2" bw="22" slack="0"/>
</pin_list>
<bind>
<opcode="read(1150) " fcode="read"/>
<opset="data_7_val_read/1 "/>
</bind>
</comp>

<comp id="104" class="1004" name="data_6_val_read_read_fu_104">
<pin_list>
<pin id="105" dir="0" index="0" bw="22" slack="0"/>
<pin id="106" dir="0" index="1" bw="22" slack="0"/>
<pin id="107" dir="1" index="2" bw="22" slack="0"/>
</pin_list>
<bind>
<opcode="read(1150) " fcode="read"/>
<opset="data_6_val_read/1 "/>
</bind>
</comp>

<comp id="110" class="1004" name="data_5_val_read_read_fu_110">
<pin_list>
<pin id="111" dir="0" index="0" bw="22" slack="0"/>
<pin id="112" dir="0" index="1" bw="22" slack="0"/>
<pin id="113" dir="1" index="2" bw="22" slack="0"/>
</pin_list>
<bind>
<opcode="read(1150) " fcode="read"/>
<opset="data_5_val_read/1 "/>
</bind>
</comp>

<comp id="116" class="1004" name="data_4_val_read_read_fu_116">
<pin_list>
<pin id="117" dir="0" index="0" bw="22" slack="0"/>
<pin id="118" dir="0" index="1" bw="22" slack="0"/>
<pin id="119" dir="1" index="2" bw="22" slack="0"/>
</pin_list>
<bind>
<opcode="read(1150) " fcode="read"/>
<opset="data_4_val_read/1 "/>
</bind>
</comp>

<comp id="122" class="1004" name="data_3_val_read_read_fu_122">
<pin_list>
<pin id="123" dir="0" index="0" bw="22" slack="0"/>
<pin id="124" dir="0" index="1" bw="22" slack="0"/>
<pin id="125" dir="1" index="2" bw="22" slack="0"/>
</pin_list>
<bind>
<opcode="read(1150) " fcode="read"/>
<opset="data_3_val_read/1 "/>
</bind>
</comp>

<comp id="128" class="1004" name="data_2_val_read_read_fu_128">
<pin_list>
<pin id="129" dir="0" index="0" bw="22" slack="0"/>
<pin id="130" dir="0" index="1" bw="22" slack="0"/>
<pin id="131" dir="1" index="2" bw="22" slack="0"/>
</pin_list>
<bind>
<opcode="read(1150) " fcode="read"/>
<opset="data_2_val_read/1 "/>
</bind>
</comp>

<comp id="134" class="1004" name="data_1_val_read_read_fu_134">
<pin_list>
<pin id="135" dir="0" index="0" bw="22" slack="0"/>
<pin id="136" dir="0" index="1" bw="22" slack="0"/>
<pin id="137" dir="1" index="2" bw="22" slack="0"/>
</pin_list>
<bind>
<opcode="read(1150) " fcode="read"/>
<opset="data_1_val_read/1 "/>
</bind>
</comp>

<comp id="140" class="1004" name="data_0_val_read_read_fu_140">
<pin_list>
<pin id="141" dir="0" index="0" bw="22" slack="0"/>
<pin id="142" dir="0" index="1" bw="22" slack="0"/>
<pin id="143" dir="1" index="2" bw="22" slack="0"/>
</pin_list>
<bind>
<opcode="read(1150) " fcode="read"/>
<opset="data_0_val_read/1 "/>
</bind>
</comp>

<comp id="146" class="1004" name="trunc_ln_fu_146">
<pin_list>
<pin id="147" dir="0" index="0" bw="13" slack="0"/>
<pin id="148" dir="0" index="1" bw="22" slack="0"/>
<pin id="149" dir="0" index="2" bw="5" slack="0"/>
<pin id="150" dir="0" index="3" bw="6" slack="0"/>
<pin id="151" dir="1" index="4" bw="13" slack="0"/>
</pin_list>
<bind>
<opcode="partselect(1002) " fcode="partselect"/>
<opset="trunc_ln/1 "/>
</bind>
</comp>

<comp id="156" class="1004" name="sext_ln32_fu_156">
<pin_list>
<pin id="157" dir="0" index="0" bw="13" slack="0"/>
<pin id="158" dir="1" index="1" bw="16" slack="0"/>
</pin_list>
<bind>
<opcode="sext(35) " fcode="sext"/>
<opset="sext_ln32/1 "/>
</bind>
</comp>

<comp id="160" class="1004" name="trunc_ln32_s_fu_160">
<pin_list>
<pin id="161" dir="0" index="0" bw="13" slack="0"/>
<pin id="162" dir="0" index="1" bw="22" slack="0"/>
<pin id="163" dir="0" index="2" bw="5" slack="0"/>
<pin id="164" dir="0" index="3" bw="6" slack="0"/>
<pin id="165" dir="1" index="4" bw="13" slack="0"/>
</pin_list>
<bind>
<opcode="partselect(1002) " fcode="partselect"/>
<opset="trunc_ln32_s/1 "/>
</bind>
</comp>

<comp id="170" class="1004" name="sext_ln32_3_fu_170">
<pin_list>
<pin id="171" dir="0" index="0" bw="13" slack="0"/>
<pin id="172" dir="1" index="1" bw="16" slack="0"/>
</pin_list>
<bind>
<opcode="sext(35) " fcode="sext"/>
<opset="sext_ln32_3/1 "/>
</bind>
</comp>

<comp id="174" class="1004" name="trunc_ln32_32_fu_174">
<pin_list>
<pin id="175" dir="0" index="0" bw="13" slack="0"/>
<pin id="176" dir="0" index="1" bw="22" slack="0"/>
<pin id="177" dir="0" index="2" bw="5" slack="0"/>
<pin id="178" dir="0" index="3" bw="6" slack="0"/>
<pin id="179" dir="1" index="4" bw="13" slack="0"/>
</pin_list>
<bind>
<opcode="partselect(1002) " fcode="partselect"/>
<opset="trunc_ln32_32/1 "/>
</bind>
</comp>

<comp id="184" class="1004" name="sext_ln32_4_fu_184">
<pin_list>
<pin id="185" dir="0" index="0" bw="13" slack="0"/>
<pin id="186" dir="1" index="1" bw="16" slack="0"/>
</pin_list>
<bind>
<opcode="sext(35) " fcode="sext"/>
<opset="sext_ln32_4/1 "/>
</bind>
</comp>

<comp id="188" class="1004" name="trunc_ln32_33_fu_188">
<pin_list>
<pin id="189" dir="0" index="0" bw="13" slack="0"/>
<pin id="190" dir="0" index="1" bw="22" slack="0"/>
<pin id="191" dir="0" index="2" bw="5" slack="0"/>
<pin id="192" dir="0" index="3" bw="6" slack="0"/>
<pin id="193" dir="1" index="4" bw="13" slack="0"/>
</pin_list>
<bind>
<opcode="partselect(1002) " fcode="partselect"/>
<opset="trunc_ln32_33/1 "/>
</bind>
</comp>

<comp id="198" class="1004" name="sext_ln32_5_fu_198">
<pin_list>
<pin id="199" dir="0" index="0" bw="13" slack="0"/>
<pin id="200" dir="1" index="1" bw="16" slack="0"/>
</pin_list>
<bind>
<opcode="sext(35) " fcode="sext"/>
<opset="sext_ln32_5/1 "/>
</bind>
</comp>

<comp id="202" class="1004" name="trunc_ln32_34_fu_202">
<pin_list>
<pin id="203" dir="0" index="0" bw="13" slack="0"/>
<pin id="204" dir="0" index="1" bw="22" slack="0"/>
<pin id="205" dir="0" index="2" bw="5" slack="0"/>
<pin id="206" dir="0" index="3" bw="6" slack="0"/>
<pin id="207" dir="1" index="4" bw="13" slack="0"/>
</pin_list>
<bind>
<opcode="partselect(1002) " fcode="partselect"/>
<opset="trunc_ln32_34/1 "/>
</bind>
</comp>

<comp id="212" class="1004" name="sext_ln32_6_fu_212">
<pin_list>
<pin id="213" dir="0" index="0" bw="13" slack="0"/>
<pin id="214" dir="1" index="1" bw="16" slack="0"/>
</pin_list>
<bind>
<opcode="sext(35) " fcode="sext"/>
<opset="sext_ln32_6/1 "/>
</bind>
</comp>

<comp id="216" class="1004" name="trunc_ln32_35_fu_216">
<pin_list>
<pin id="217" dir="0" index="0" bw="13" slack="0"/>
<pin id="218" dir="0" index="1" bw="22" slack="0"/>
<pin id="219" dir="0" index="2" bw="5" slack="0"/>
<pin id="220" dir="0" index="3" bw="6" slack="0"/>
<pin id="221" dir="1" index="4" bw="13" slack="0"/>
</pin_list>
<bind>
<opcode="partselect(1002) " fcode="partselect"/>
<opset="trunc_ln32_35/1 "/>
</bind>
</comp>

<comp id="226" class="1004" name="sext_ln32_7_fu_226">
<pin_list>
<pin id="227" dir="0" index="0" bw="13" slack="0"/>
<pin id="228" dir="1" index="1" bw="16" slack="0"/>
</pin_list>
<bind>
<opcode="sext(35) " fcode="sext"/>
<opset="sext_ln32_7/1 "/>
</bind>
</comp>

<comp id="230" class="1004" name="trunc_ln32_36_fu_230">
<pin_list>
<pin id="231" dir="0" index="0" bw="13" slack="0"/>
<pin id="232" dir="0" index="1" bw="22" slack="0"/>
<pin id="233" dir="0" index="2" bw="5" slack="0"/>
<pin id="234" dir="0" index="3" bw="6" slack="0"/>
<pin id="235" dir="1" index="4" bw="13" slack="0"/>
</pin_list>
<bind>
<opcode="partselect(1002) " fcode="partselect"/>
<opset="trunc_ln32_36/1 "/>
</bind>
</comp>

<comp id="240" class="1004" name="sext_ln32_8_fu_240">
<pin_list>
<pin id="241" dir="0" index="0" bw="13" slack="0"/>
<pin id="242" dir="1" index="1" bw="16" slack="0"/>
</pin_list>
<bind>
<opcode="sext(35) " fcode="sext"/>
<opset="sext_ln32_8/1 "/>
</bind>
</comp>

<comp id="244" class="1004" name="trunc_ln32_37_fu_244">
<pin_list>
<pin id="245" dir="0" index="0" bw="13" slack="0"/>
<pin id="246" dir="0" index="1" bw="22" slack="0"/>
<pin id="247" dir="0" index="2" bw="5" slack="0"/>
<pin id="248" dir="0" index="3" bw="6" slack="0"/>
<pin id="249" dir="1" index="4" bw="13" slack="0"/>
</pin_list>
<bind>
<opcode="partselect(1002) " fcode="partselect"/>
<opset="trunc_ln32_37/1 "/>
</bind>
</comp>

<comp id="254" class="1004" name="sext_ln32_9_fu_254">
<pin_list>
<pin id="255" dir="0" index="0" bw="13" slack="0"/>
<pin id="256" dir="1" index="1" bw="16" slack="0"/>
</pin_list>
<bind>
<opcode="sext(35) " fcode="sext"/>
<opset="sext_ln32_9/1 "/>
</bind>
</comp>

<comp id="258" class="1004" name="trunc_ln32_38_fu_258">
<pin_list>
<pin id="259" dir="0" index="0" bw="13" slack="0"/>
<pin id="260" dir="0" index="1" bw="22" slack="0"/>
<pin id="261" dir="0" index="2" bw="5" slack="0"/>
<pin id="262" dir="0" index="3" bw="6" slack="0"/>
<pin id="263" dir="1" index="4" bw="13" slack="0"/>
</pin_list>
<bind>
<opcode="partselect(1002) " fcode="partselect"/>
<opset="trunc_ln32_38/1 "/>
</bind>
</comp>

<comp id="268" class="1004" name="sext_ln32_10_fu_268">
<pin_list>
<pin id="269" dir="0" index="0" bw="13" slack="0"/>
<pin id="270" dir="1" index="1" bw="16" slack="0"/>
</pin_list>
<bind>
<opcode="sext(35) " fcode="sext"/>
<opset="sext_ln32_10/1 "/>
</bind>
</comp>

<comp id="272" class="1004" name="trunc_ln32_39_fu_272">
<pin_list>
<pin id="273" dir="0" index="0" bw="13" slack="0"/>
<pin id="274" dir="0" index="1" bw="22" slack="0"/>
<pin id="275" dir="0" index="2" bw="5" slack="0"/>
<pin id="276" dir="0" index="3" bw="6" slack="0"/>
<pin id="277" dir="1" index="4" bw="13" slack="0"/>
</pin_list>
<bind>
<opcode="partselect(1002) " fcode="partselect"/>
<opset="trunc_ln32_39/1 "/>
</bind>
</comp>

<comp id="282" class="1004" name="sext_ln32_11_fu_282">
<pin_list>
<pin id="283" dir="0" index="0" bw="13" slack="0"/>
<pin id="284" dir="1" index="1" bw="16" slack="0"/>
</pin_list>
<bind>
<opcode="sext(35) " fcode="sext"/>
<opset="sext_ln32_11/1 "/>
</bind>
</comp>

<comp id="286" class="1004" name="trunc_ln32_40_fu_286">
<pin_list>
<pin id="287" dir="0" index="0" bw="13" slack="0"/>
<pin id="288" dir="0" index="1" bw="22" slack="0"/>
<pin id="289" dir="0" index="2" bw="5" slack="0"/>
<pin id="290" dir="0" index="3" bw="6" slack="0"/>
<pin id="291" dir="1" index="4" bw="13" slack="0"/>
</pin_list>
<bind>
<opcode="partselect(1002) " fcode="partselect"/>
<opset="trunc_ln32_40/1 "/>
</bind>
</comp>

<comp id="296" class="1004" name="sext_ln32_12_fu_296">
<pin_list>
<pin id="297" dir="0" index="0" bw="13" slack="0"/>
<pin id="298" dir="1" index="1" bw="16" slack="0"/>
</pin_list>
<bind>
<opcode="sext(35) " fcode="sext"/>
<opset="sext_ln32_12/1 "/>
</bind>
</comp>

<comp id="300" class="1004" name="trunc_ln32_41_fu_300">
<pin_list>
<pin id="301" dir="0" index="0" bw="13" slack="0"/>
<pin id="302" dir="0" index="1" bw="22" slack="0"/>
<pin id="303" dir="0" index="2" bw="5" slack="0"/>
<pin id="304" dir="0" index="3" bw="6" slack="0"/>
<pin id="305" dir="1" index="4" bw="13" slack="0"/>
</pin_list>
<bind>
<opcode="partselect(1002) " fcode="partselect"/>
<opset="trunc_ln32_41/1 "/>
</bind>
</comp>

<comp id="310" class="1004" name="sext_ln32_13_fu_310">
<pin_list>
<pin id="311" dir="0" index="0" bw="13" slack="0"/>
<pin id="312" dir="1" index="1" bw="16" slack="0"/>
</pin_list>
<bind>
<opcode="sext(35) " fcode="sext"/>
<opset="sext_ln32_13/1 "/>
</bind>
</comp>

<comp id="314" class="1004" name="trunc_ln32_42_fu_314">
<pin_list>
<pin id="315" dir="0" index="0" bw="13" slack="0"/>
<pin id="316" dir="0" index="1" bw="22" slack="0"/>
<pin id="317" dir="0" index="2" bw="5" slack="0"/>
<pin id="318" dir="0" index="3" bw="6" slack="0"/>
<pin id="319" dir="1" index="4" bw="13" slack="0"/>
</pin_list>
<bind>
<opcode="partselect(1002) " fcode="partselect"/>
<opset="trunc_ln32_42/1 "/>
</bind>
</comp>

<comp id="324" class="1004" name="sext_ln32_14_fu_324">
<pin_list>
<pin id="325" dir="0" index="0" bw="13" slack="0"/>
<pin id="326" dir="1" index="1" bw="16" slack="0"/>
</pin_list>
<bind>
<opcode="sext(35) " fcode="sext"/>
<opset="sext_ln32_14/1 "/>
</bind>
</comp>

<comp id="328" class="1004" name="trunc_ln32_43_fu_328">
<pin_list>
<pin id="329" dir="0" index="0" bw="13" slack="0"/>
<pin id="330" dir="0" index="1" bw="22" slack="0"/>
<pin id="331" dir="0" index="2" bw="5" slack="0"/>
<pin id="332" dir="0" index="3" bw="6" slack="0"/>
<pin id="333" dir="1" index="4" bw="13" slack="0"/>
</pin_list>
<bind>
<opcode="partselect(1002) " fcode="partselect"/>
<opset="trunc_ln32_43/1 "/>
</bind>
</comp>

<comp id="338" class="1004" name="sext_ln32_15_fu_338">
<pin_list>
<pin id="339" dir="0" index="0" bw="13" slack="0"/>
<pin id="340" dir="1" index="1" bw="16" slack="0"/>
</pin_list>
<bind>
<opcode="sext(35) " fcode="sext"/>
<opset="sext_ln32_15/1 "/>
</bind>
</comp>

<comp id="342" class="1004" name="trunc_ln32_44_fu_342">
<pin_list>
<pin id="343" dir="0" index="0" bw="13" slack="0"/>
<pin id="344" dir="0" index="1" bw="22" slack="0"/>
<pin id="345" dir="0" index="2" bw="5" slack="0"/>
<pin id="346" dir="0" index="3" bw="6" slack="0"/>
<pin id="347" dir="1" index="4" bw="13" slack="0"/>
</pin_list>
<bind>
<opcode="partselect(1002) " fcode="partselect"/>
<opset="trunc_ln32_44/1 "/>
</bind>
</comp>

<comp id="352" class="1004" name="sext_ln32_16_fu_352">
<pin_list>
<pin id="353" dir="0" index="0" bw="13" slack="0"/>
<pin id="354" dir="1" index="1" bw="16" slack="0"/>
</pin_list>
<bind>
<opcode="sext(35) " fcode="sext"/>
<opset="sext_ln32_16/1 "/>
</bind>
</comp>

<comp id="356" class="1004" name="trunc_ln32_45_fu_356">
<pin_list>
<pin id="357" dir="0" index="0" bw="13" slack="0"/>
<pin id="358" dir="0" index="1" bw="22" slack="0"/>
<pin id="359" dir="0" index="2" bw="5" slack="0"/>
<pin id="360" dir="0" index="3" bw="6" slack="0"/>
<pin id="361" dir="1" index="4" bw="13" slack="0"/>
</pin_list>
<bind>
<opcode="partselect(1002) " fcode="partselect"/>
<opset="trunc_ln32_45/1 "/>
</bind>
</comp>

<comp id="366" class="1004" name="sext_ln32_17_fu_366">
<pin_list>
<pin id="367" dir="0" index="0" bw="13" slack="0"/>
<pin id="368" dir="1" index="1" bw="16" slack="0"/>
</pin_list>
<bind>
<opcode="sext(35) " fcode="sext"/>
<opset="sext_ln32_17/1 "/>
</bind>
</comp>

<comp id="370" class="1004" name="mrv_fu_370">
<pin_list>
<pin id="371" dir="0" index="0" bw="256" slack="0"/>
<pin id="372" dir="0" index="1" bw="13" slack="0"/>
<pin id="373" dir="1" index="2" bw="256" slack="0"/>
</pin_list>
<bind>
<opcode="insertvalue(57) " fcode="insertvalue"/>
<opset="mrv/1 "/>
</bind>
</comp>

<comp id="376" class="1004" name="mrv_1_fu_376">
<pin_list>
<pin id="377" dir="0" index="0" bw="256" slack="0"/>
<pin id="378" dir="0" index="1" bw="13" slack="0"/>
<pin id="379" dir="1" index="2" bw="256" slack="0"/>
</pin_list>
<bind>
<opcode="insertvalue(57) " fcode="insertvalue"/>
<opset="mrv_1/1 "/>
</bind>
</comp>

<comp id="382" class="1004" name="mrv_2_fu_382">
<pin_list>
<pin id="383" dir="0" index="0" bw="256" slack="0"/>
<pin id="384" dir="0" index="1" bw="13" slack="0"/>
<pin id="385" dir="1" index="2" bw="256" slack="0"/>
</pin_list>
<bind>
<opcode="insertvalue(57) " fcode="insertvalue"/>
<opset="mrv_2/1 "/>
</bind>
</comp>

<comp id="388" class="1004" name="mrv_3_fu_388">
<pin_list>
<pin id="389" dir="0" index="0" bw="256" slack="0"/>
<pin id="390" dir="0" index="1" bw="13" slack="0"/>
<pin id="391" dir="1" index="2" bw="256" slack="0"/>
</pin_list>
<bind>
<opcode="insertvalue(57) " fcode="insertvalue"/>
<opset="mrv_3/1 "/>
</bind>
</comp>

<comp id="394" class="1004" name="mrv_4_fu_394">
<pin_list>
<pin id="395" dir="0" index="0" bw="256" slack="0"/>
<pin id="396" dir="0" index="1" bw="13" slack="0"/>
<pin id="397" dir="1" index="2" bw="256" slack="0"/>
</pin_list>
<bind>
<opcode="insertvalue(57) " fcode="insertvalue"/>
<opset="mrv_4/1 "/>
</bind>
</comp>

<comp id="400" class="1004" name="mrv_5_fu_400">
<pin_list>
<pin id="401" dir="0" index="0" bw="256" slack="0"/>
<pin id="402" dir="0" index="1" bw="13" slack="0"/>
<pin id="403" dir="1" index="2" bw="256" slack="0"/>
</pin_list>
<bind>
<opcode="insertvalue(57) " fcode="insertvalue"/>
<opset="mrv_5/1 "/>
</bind>
</comp>

<comp id="406" class="1004" name="mrv_6_fu_406">
<pin_list>
<pin id="407" dir="0" index="0" bw="256" slack="0"/>
<pin id="408" dir="0" index="1" bw="13" slack="0"/>
<pin id="409" dir="1" index="2" bw="256" slack="0"/>
</pin_list>
<bind>
<opcode="insertvalue(57) " fcode="insertvalue"/>
<opset="mrv_6/1 "/>
</bind>
</comp>

<comp id="412" class="1004" name="mrv_7_fu_412">
<pin_list>
<pin id="413" dir="0" index="0" bw="256" slack="0"/>
<pin id="414" dir="0" index="1" bw="13" slack="0"/>
<pin id="415" dir="1" index="2" bw="256" slack="0"/>
</pin_list>
<bind>
<opcode="insertvalue(57) " fcode="insertvalue"/>
<opset="mrv_7/1 "/>
</bind>
</comp>

<comp id="418" class="1004" name="mrv_8_fu_418">
<pin_list>
<pin id="419" dir="0" index="0" bw="256" slack="0"/>
<pin id="420" dir="0" index="1" bw="13" slack="0"/>
<pin id="421" dir="1" index="2" bw="256" slack="0"/>
</pin_list>
<bind>
<opcode="insertvalue(57) " fcode="insertvalue"/>
<opset="mrv_8/1 "/>
</bind>
</comp>

<comp id="424" class="1004" name="mrv_9_fu_424">
<pin_list>
<pin id="425" dir="0" index="0" bw="256" slack="0"/>
<pin id="426" dir="0" index="1" bw="13" slack="0"/>
<pin id="427" dir="1" index="2" bw="256" slack="0"/>
</pin_list>
<bind>
<opcode="insertvalue(57) " fcode="insertvalue"/>
<opset="mrv_9/1 "/>
</bind>
</comp>

<comp id="430" class="1004" name="mrv_10_fu_430">
<pin_list>
<pin id="431" dir="0" index="0" bw="256" slack="0"/>
<pin id="432" dir="0" index="1" bw="13" slack="0"/>
<pin id="433" dir="1" index="2" bw="256" slack="0"/>
</pin_list>
<bind>
<opcode="insertvalue(57) " fcode="insertvalue"/>
<opset="mrv_10/1 "/>
</bind>
</comp>

<comp id="436" class="1004" name="mrv_11_fu_436">
<pin_list>
<pin id="437" dir="0" index="0" bw="256" slack="0"/>
<pin id="438" dir="0" index="1" bw="13" slack="0"/>
<pin id="439" dir="1" index="2" bw="256" slack="0"/>
</pin_list>
<bind>
<opcode="insertvalue(57) " fcode="insertvalue"/>
<opset="mrv_11/1 "/>
</bind>
</comp>

<comp id="442" class="1004" name="mrv_12_fu_442">
<pin_list>
<pin id="443" dir="0" index="0" bw="256" slack="0"/>
<pin id="444" dir="0" index="1" bw="13" slack="0"/>
<pin id="445" dir="1" index="2" bw="256" slack="0"/>
</pin_list>
<bind>
<opcode="insertvalue(57) " fcode="insertvalue"/>
<opset="mrv_12/1 "/>
</bind>
</comp>

<comp id="448" class="1004" name="mrv_13_fu_448">
<pin_list>
<pin id="449" dir="0" index="0" bw="256" slack="0"/>
<pin id="450" dir="0" index="1" bw="13" slack="0"/>
<pin id="451" dir="1" index="2" bw="256" slack="0"/>
</pin_list>
<bind>
<opcode="insertvalue(57) " fcode="insertvalue"/>
<opset="mrv_13/1 "/>
</bind>
</comp>

<comp id="454" class="1004" name="mrv_14_fu_454">
<pin_list>
<pin id="455" dir="0" index="0" bw="256" slack="0"/>
<pin id="456" dir="0" index="1" bw="13" slack="0"/>
<pin id="457" dir="1" index="2" bw="256" slack="0"/>
</pin_list>
<bind>
<opcode="insertvalue(57) " fcode="insertvalue"/>
<opset="mrv_14/1 "/>
</bind>
</comp>

<comp id="460" class="1004" name="mrv_15_fu_460">
<pin_list>
<pin id="461" dir="0" index="0" bw="256" slack="0"/>
<pin id="462" dir="0" index="1" bw="13" slack="0"/>
<pin id="463" dir="1" index="2" bw="256" slack="2147483647"/>
</pin_list>
<bind>
<opcode="insertvalue(57) " fcode="insertvalue"/>
<opset="mrv_15/1 "/>
</bind>
</comp>

</comp_list>

<net_list>
<net id="54"><net_src comp="40" pin="0"/><net_sink comp="50" pin=0"/></net>

<net id="55"><net_src comp="30" pin="0"/><net_sink comp="50" pin=1"/></net>

<net id="60"><net_src comp="40" pin="0"/><net_sink comp="56" pin=0"/></net>

<net id="61"><net_src comp="28" pin="0"/><net_sink comp="56" pin=1"/></net>

<net id="66"><net_src comp="40" pin="0"/><net_sink comp="62" pin=0"/></net>

<net id="67"><net_src comp="26" pin="0"/><net_sink comp="62" pin=1"/></net>

<net id="72"><net_src comp="40" pin="0"/><net_sink comp="68" pin=0"/></net>

<net id="73"><net_src comp="24" pin="0"/><net_sink comp="68" pin=1"/></net>

<net id="78"><net_src comp="40" pin="0"/><net_sink comp="74" pin=0"/></net>

<net id="79"><net_src comp="22" pin="0"/><net_sink comp="74" pin=1"/></net>

<net id="84"><net_src comp="40" pin="0"/><net_sink comp="80" pin=0"/></net>

<net id="85"><net_src comp="20" pin="0"/><net_sink comp="80" pin=1"/></net>

<net id="90"><net_src comp="40" pin="0"/><net_sink comp="86" pin=0"/></net>

<net id="91"><net_src comp="18" pin="0"/><net_sink comp="86" pin=1"/></net>

<net id="96"><net_src comp="40" pin="0"/><net_sink comp="92" pin=0"/></net>

<net id="97"><net_src comp="16" pin="0"/><net_sink comp="92" pin=1"/></net>

<net id="102"><net_src comp="40" pin="0"/><net_sink comp="98" pin=0"/></net>

<net id="103"><net_src comp="14" pin="0"/><net_sink comp="98" pin=1"/></net>

<net id="108"><net_src comp="40" pin="0"/><net_sink comp="104" pin=0"/></net>

<net id="109"><net_src comp="12" pin="0"/><net_sink comp="104" pin=1"/></net>

<net id="114"><net_src comp="40" pin="0"/><net_sink comp="110" pin=0"/></net>

<net id="115"><net_src comp="10" pin="0"/><net_sink comp="110" pin=1"/></net>

<net id="120"><net_src comp="40" pin="0"/><net_sink comp="116" pin=0"/></net>

<net id="121"><net_src comp="8" pin="0"/><net_sink comp="116" pin=1"/></net>

<net id="126"><net_src comp="40" pin="0"/><net_sink comp="122" pin=0"/></net>

<net id="127"><net_src comp="6" pin="0"/><net_sink comp="122" pin=1"/></net>

<net id="132"><net_src comp="40" pin="0"/><net_sink comp="128" pin=0"/></net>

<net id="133"><net_src comp="4" pin="0"/><net_sink comp="128" pin=1"/></net>

<net id="138"><net_src comp="40" pin="0"/><net_sink comp="134" pin=0"/></net>

<net id="139"><net_src comp="2" pin="0"/><net_sink comp="134" pin=1"/></net>

<net id="144"><net_src comp="40" pin="0"/><net_sink comp="140" pin=0"/></net>

<net id="145"><net_src comp="0" pin="0"/><net_sink comp="140" pin=1"/></net>

<net id="152"><net_src comp="42" pin="0"/><net_sink comp="146" pin=0"/></net>

<net id="153"><net_src comp="140" pin="2"/><net_sink comp="146" pin=1"/></net>

<net id="154"><net_src comp="44" pin="0"/><net_sink comp="146" pin=2"/></net>

<net id="155"><net_src comp="46" pin="0"/><net_sink comp="146" pin=3"/></net>

<net id="159"><net_src comp="146" pin="4"/><net_sink comp="156" pin=0"/></net>

<net id="166"><net_src comp="42" pin="0"/><net_sink comp="160" pin=0"/></net>

<net id="167"><net_src comp="134" pin="2"/><net_sink comp="160" pin=1"/></net>

<net id="168"><net_src comp="44" pin="0"/><net_sink comp="160" pin=2"/></net>

<net id="169"><net_src comp="46" pin="0"/><net_sink comp="160" pin=3"/></net>

<net id="173"><net_src comp="160" pin="4"/><net_sink comp="170" pin=0"/></net>

<net id="180"><net_src comp="42" pin="0"/><net_sink comp="174" pin=0"/></net>

<net id="181"><net_src comp="128" pin="2"/><net_sink comp="174" pin=1"/></net>

<net id="182"><net_src comp="44" pin="0"/><net_sink comp="174" pin=2"/></net>

<net id="183"><net_src comp="46" pin="0"/><net_sink comp="174" pin=3"/></net>

<net id="187"><net_src comp="174" pin="4"/><net_sink comp="184" pin=0"/></net>

<net id="194"><net_src comp="42" pin="0"/><net_sink comp="188" pin=0"/></net>

<net id="195"><net_src comp="122" pin="2"/><net_sink comp="188" pin=1"/></net>

<net id="196"><net_src comp="44" pin="0"/><net_sink comp="188" pin=2"/></net>

<net id="197"><net_src comp="46" pin="0"/><net_sink comp="188" pin=3"/></net>

<net id="201"><net_src comp="188" pin="4"/><net_sink comp="198" pin=0"/></net>

<net id="208"><net_src comp="42" pin="0"/><net_sink comp="202" pin=0"/></net>

<net id="209"><net_src comp="116" pin="2"/><net_sink comp="202" pin=1"/></net>

<net id="210"><net_src comp="44" pin="0"/><net_sink comp="202" pin=2"/></net>

<net id="211"><net_src comp="46" pin="0"/><net_sink comp="202" pin=3"/></net>

<net id="215"><net_src comp="202" pin="4"/><net_sink comp="212" pin=0"/></net>

<net id="222"><net_src comp="42" pin="0"/><net_sink comp="216" pin=0"/></net>

<net id="223"><net_src comp="110" pin="2"/><net_sink comp="216" pin=1"/></net>

<net id="224"><net_src comp="44" pin="0"/><net_sink comp="216" pin=2"/></net>

<net id="225"><net_src comp="46" pin="0"/><net_sink comp="216" pin=3"/></net>

<net id="229"><net_src comp="216" pin="4"/><net_sink comp="226" pin=0"/></net>

<net id="236"><net_src comp="42" pin="0"/><net_sink comp="230" pin=0"/></net>

<net id="237"><net_src comp="104" pin="2"/><net_sink comp="230" pin=1"/></net>

<net id="238"><net_src comp="44" pin="0"/><net_sink comp="230" pin=2"/></net>

<net id="239"><net_src comp="46" pin="0"/><net_sink comp="230" pin=3"/></net>

<net id="243"><net_src comp="230" pin="4"/><net_sink comp="240" pin=0"/></net>

<net id="250"><net_src comp="42" pin="0"/><net_sink comp="244" pin=0"/></net>

<net id="251"><net_src comp="98" pin="2"/><net_sink comp="244" pin=1"/></net>

<net id="252"><net_src comp="44" pin="0"/><net_sink comp="244" pin=2"/></net>

<net id="253"><net_src comp="46" pin="0"/><net_sink comp="244" pin=3"/></net>

<net id="257"><net_src comp="244" pin="4"/><net_sink comp="254" pin=0"/></net>

<net id="264"><net_src comp="42" pin="0"/><net_sink comp="258" pin=0"/></net>

<net id="265"><net_src comp="92" pin="2"/><net_sink comp="258" pin=1"/></net>

<net id="266"><net_src comp="44" pin="0"/><net_sink comp="258" pin=2"/></net>

<net id="267"><net_src comp="46" pin="0"/><net_sink comp="258" pin=3"/></net>

<net id="271"><net_src comp="258" pin="4"/><net_sink comp="268" pin=0"/></net>

<net id="278"><net_src comp="42" pin="0"/><net_sink comp="272" pin=0"/></net>

<net id="279"><net_src comp="86" pin="2"/><net_sink comp="272" pin=1"/></net>

<net id="280"><net_src comp="44" pin="0"/><net_sink comp="272" pin=2"/></net>

<net id="281"><net_src comp="46" pin="0"/><net_sink comp="272" pin=3"/></net>

<net id="285"><net_src comp="272" pin="4"/><net_sink comp="282" pin=0"/></net>

<net id="292"><net_src comp="42" pin="0"/><net_sink comp="286" pin=0"/></net>

<net id="293"><net_src comp="80" pin="2"/><net_sink comp="286" pin=1"/></net>

<net id="294"><net_src comp="44" pin="0"/><net_sink comp="286" pin=2"/></net>

<net id="295"><net_src comp="46" pin="0"/><net_sink comp="286" pin=3"/></net>

<net id="299"><net_src comp="286" pin="4"/><net_sink comp="296" pin=0"/></net>

<net id="306"><net_src comp="42" pin="0"/><net_sink comp="300" pin=0"/></net>

<net id="307"><net_src comp="74" pin="2"/><net_sink comp="300" pin=1"/></net>

<net id="308"><net_src comp="44" pin="0"/><net_sink comp="300" pin=2"/></net>

<net id="309"><net_src comp="46" pin="0"/><net_sink comp="300" pin=3"/></net>

<net id="313"><net_src comp="300" pin="4"/><net_sink comp="310" pin=0"/></net>

<net id="320"><net_src comp="42" pin="0"/><net_sink comp="314" pin=0"/></net>

<net id="321"><net_src comp="68" pin="2"/><net_sink comp="314" pin=1"/></net>

<net id="322"><net_src comp="44" pin="0"/><net_sink comp="314" pin=2"/></net>

<net id="323"><net_src comp="46" pin="0"/><net_sink comp="314" pin=3"/></net>

<net id="327"><net_src comp="314" pin="4"/><net_sink comp="324" pin=0"/></net>

<net id="334"><net_src comp="42" pin="0"/><net_sink comp="328" pin=0"/></net>

<net id="335"><net_src comp="62" pin="2"/><net_sink comp="328" pin=1"/></net>

<net id="336"><net_src comp="44" pin="0"/><net_sink comp="328" pin=2"/></net>

<net id="337"><net_src comp="46" pin="0"/><net_sink comp="328" pin=3"/></net>

<net id="341"><net_src comp="328" pin="4"/><net_sink comp="338" pin=0"/></net>

<net id="348"><net_src comp="42" pin="0"/><net_sink comp="342" pin=0"/></net>

<net id="349"><net_src comp="56" pin="2"/><net_sink comp="342" pin=1"/></net>

<net id="350"><net_src comp="44" pin="0"/><net_sink comp="342" pin=2"/></net>

<net id="351"><net_src comp="46" pin="0"/><net_sink comp="342" pin=3"/></net>

<net id="355"><net_src comp="342" pin="4"/><net_sink comp="352" pin=0"/></net>

<net id="362"><net_src comp="42" pin="0"/><net_sink comp="356" pin=0"/></net>

<net id="363"><net_src comp="50" pin="2"/><net_sink comp="356" pin=1"/></net>

<net id="364"><net_src comp="44" pin="0"/><net_sink comp="356" pin=2"/></net>

<net id="365"><net_src comp="46" pin="0"/><net_sink comp="356" pin=3"/></net>

<net id="369"><net_src comp="356" pin="4"/><net_sink comp="366" pin=0"/></net>

<net id="374"><net_src comp="48" pin="0"/><net_sink comp="370" pin=0"/></net>

<net id="375"><net_src comp="156" pin="1"/><net_sink comp="370" pin=1"/></net>

<net id="380"><net_src comp="370" pin="2"/><net_sink comp="376" pin=0"/></net>

<net id="381"><net_src comp="170" pin="1"/><net_sink comp="376" pin=1"/></net>

<net id="386"><net_src comp="376" pin="2"/><net_sink comp="382" pin=0"/></net>

<net id="387"><net_src comp="184" pin="1"/><net_sink comp="382" pin=1"/></net>

<net id="392"><net_src comp="382" pin="2"/><net_sink comp="388" pin=0"/></net>

<net id="393"><net_src comp="198" pin="1"/><net_sink comp="388" pin=1"/></net>

<net id="398"><net_src comp="388" pin="2"/><net_sink comp="394" pin=0"/></net>

<net id="399"><net_src comp="212" pin="1"/><net_sink comp="394" pin=1"/></net>

<net id="404"><net_src comp="394" pin="2"/><net_sink comp="400" pin=0"/></net>

<net id="405"><net_src comp="226" pin="1"/><net_sink comp="400" pin=1"/></net>

<net id="410"><net_src comp="400" pin="2"/><net_sink comp="406" pin=0"/></net>

<net id="411"><net_src comp="240" pin="1"/><net_sink comp="406" pin=1"/></net>

<net id="416"><net_src comp="406" pin="2"/><net_sink comp="412" pin=0"/></net>

<net id="417"><net_src comp="254" pin="1"/><net_sink comp="412" pin=1"/></net>

<net id="422"><net_src comp="412" pin="2"/><net_sink comp="418" pin=0"/></net>

<net id="423"><net_src comp="268" pin="1"/><net_sink comp="418" pin=1"/></net>

<net id="428"><net_src comp="418" pin="2"/><net_sink comp="424" pin=0"/></net>

<net id="429"><net_src comp="282" pin="1"/><net_sink comp="424" pin=1"/></net>

<net id="434"><net_src comp="424" pin="2"/><net_sink comp="430" pin=0"/></net>

<net id="435"><net_src comp="296" pin="1"/><net_sink comp="430" pin=1"/></net>

<net id="440"><net_src comp="430" pin="2"/><net_sink comp="436" pin=0"/></net>

<net id="441"><net_src comp="310" pin="1"/><net_sink comp="436" pin=1"/></net>

<net id="446"><net_src comp="436" pin="2"/><net_sink comp="442" pin=0"/></net>

<net id="447"><net_src comp="324" pin="1"/><net_sink comp="442" pin=1"/></net>

<net id="452"><net_src comp="442" pin="2"/><net_sink comp="448" pin=0"/></net>

<net id="453"><net_src comp="338" pin="1"/><net_sink comp="448" pin=1"/></net>

<net id="458"><net_src comp="448" pin="2"/><net_sink comp="454" pin=0"/></net>

<net id="459"><net_src comp="352" pin="1"/><net_sink comp="454" pin=1"/></net>

<net id="464"><net_src comp="454" pin="2"/><net_sink comp="460" pin=0"/></net>

<net id="465"><net_src comp="366" pin="1"/><net_sink comp="460" pin=1"/></net>

</net_list>

</model> 
---------------- Datapath Model END ------------------

* FSMD analyzer results:
  - Output states:
 - Input state : 
	Port: linear<ap_fixed<22, 3, 5, 3, 0>, ap_fixed<16, 6, 5, 3, 0>, linear_config7> : data_0_val | {1 }
	Port: linear<ap_fixed<22, 3, 5, 3, 0>, ap_fixed<16, 6, 5, 3, 0>, linear_config7> : data_1_val | {1 }
	Port: linear<ap_fixed<22, 3, 5, 3, 0>, ap_fixed<16, 6, 5, 3, 0>, linear_config7> : data_2_val | {1 }
	Port: linear<ap_fixed<22, 3, 5, 3, 0>, ap_fixed<16, 6, 5, 3, 0>, linear_config7> : data_3_val | {1 }
	Port: linear<ap_fixed<22, 3, 5, 3, 0>, ap_fixed<16, 6, 5, 3, 0>, linear_config7> : data_4_val | {1 }
	Port: linear<ap_fixed<22, 3, 5, 3, 0>, ap_fixed<16, 6, 5, 3, 0>, linear_config7> : data_5_val | {1 }
	Port: linear<ap_fixed<22, 3, 5, 3, 0>, ap_fixed<16, 6, 5, 3, 0>, linear_config7> : data_6_val | {1 }
	Port: linear<ap_fixed<22, 3, 5, 3, 0>, ap_fixed<16, 6, 5, 3, 0>, linear_config7> : data_7_val | {1 }
	Port: linear<ap_fixed<22, 3, 5, 3, 0>, ap_fixed<16, 6, 5, 3, 0>, linear_config7> : data_8_val | {1 }
	Port: linear<ap_fixed<22, 3, 5, 3, 0>, ap_fixed<16, 6, 5, 3, 0>, linear_config7> : data_9_val | {1 }
	Port: linear<ap_fixed<22, 3, 5, 3, 0>, ap_fixed<16, 6, 5, 3, 0>, linear_config7> : data_10_val | {1 }
	Port: linear<ap_fixed<22, 3, 5, 3, 0>, ap_fixed<16, 6, 5, 3, 0>, linear_config7> : data_11_val | {1 }
	Port: linear<ap_fixed<22, 3, 5, 3, 0>, ap_fixed<16, 6, 5, 3, 0>, linear_config7> : data_12_val | {1 }
	Port: linear<ap_fixed<22, 3, 5, 3, 0>, ap_fixed<16, 6, 5, 3, 0>, linear_config7> : data_13_val | {1 }
	Port: linear<ap_fixed<22, 3, 5, 3, 0>, ap_fixed<16, 6, 5, 3, 0>, linear_config7> : data_14_val | {1 }
	Port: linear<ap_fixed<22, 3, 5, 3, 0>, ap_fixed<16, 6, 5, 3, 0>, linear_config7> : data_15_val | {1 }
  - Chain level:
	State 1
		sext_ln32 : 1
		sext_ln32_3 : 1
		sext_ln32_4 : 1
		sext_ln32_5 : 1
		sext_ln32_6 : 1
		sext_ln32_7 : 1
		sext_ln32_8 : 1
		sext_ln32_9 : 1
		sext_ln32_10 : 1
		sext_ln32_11 : 1
		sext_ln32_12 : 1
		sext_ln32_13 : 1
		sext_ln32_14 : 1
		sext_ln32_15 : 1
		sext_ln32_16 : 1
		sext_ln32_17 : 1
		mrv : 2
		mrv_1 : 3
		mrv_2 : 4
		mrv_3 : 5
		mrv_4 : 6
		mrv_5 : 7
		mrv_6 : 8
		mrv_7 : 9
		mrv_8 : 10
		mrv_9 : 11
		mrv_10 : 12
		mrv_11 : 13
		mrv_12 : 14
		mrv_13 : 15
		mrv_14 : 16
		mrv_15 : 17
		ret_ln34 : 18


============================================================
+ Verbose Summary: Datapath Resource usage 
============================================================

* Functional unit list:
|----------|-----------------------------|
| Operation|       Functional Unit       |
|----------|-----------------------------|
|          | data_15_val_read_read_fu_50 |
|          | data_14_val_read_read_fu_56 |
|          | data_13_val_read_read_fu_62 |
|          | data_12_val_read_read_fu_68 |
|          | data_11_val_read_read_fu_74 |
|          | data_10_val_read_read_fu_80 |
|          |  data_9_val_read_read_fu_86 |
|   read   |  data_8_val_read_read_fu_92 |
|          |  data_7_val_read_read_fu_98 |
|          | data_6_val_read_read_fu_104 |
|          | data_5_val_read_read_fu_110 |
|          | data_4_val_read_read_fu_116 |
|          | data_3_val_read_read_fu_122 |
|          | data_2_val_read_read_fu_128 |
|          | data_1_val_read_read_fu_134 |
|          | data_0_val_read_read_fu_140 |
|----------|-----------------------------|
|          |       trunc_ln_fu_146       |
|          |     trunc_ln32_s_fu_160     |
|          |     trunc_ln32_32_fu_174    |
|          |     trunc_ln32_33_fu_188    |
|          |     trunc_ln32_34_fu_202    |
|          |     trunc_ln32_35_fu_216    |
|          |     trunc_ln32_36_fu_230    |
|partselect|     trunc_ln32_37_fu_244    |
|          |     trunc_ln32_38_fu_258    |
|          |     trunc_ln32_39_fu_272    |
|          |     trunc_ln32_40_fu_286    |
|          |     trunc_ln32_41_fu_300    |
|          |     trunc_ln32_42_fu_314    |
|          |     trunc_ln32_43_fu_328    |
|          |     trunc_ln32_44_fu_342    |
|          |     trunc_ln32_45_fu_356    |
|----------|-----------------------------|
|          |       sext_ln32_fu_156      |
|          |      sext_ln32_3_fu_170     |
|          |      sext_ln32_4_fu_184     |
|          |      sext_ln32_5_fu_198     |
|          |      sext_ln32_6_fu_212     |
|          |      sext_ln32_7_fu_226     |
|          |      sext_ln32_8_fu_240     |
|   sext   |      sext_ln32_9_fu_254     |
|          |     sext_ln32_10_fu_268     |
|          |     sext_ln32_11_fu_282     |
|          |     sext_ln32_12_fu_296     |
|          |     sext_ln32_13_fu_310     |
|          |     sext_ln32_14_fu_324     |
|          |     sext_ln32_15_fu_338     |
|          |     sext_ln32_16_fu_352     |
|          |     sext_ln32_17_fu_366     |
|----------|-----------------------------|
|          |          mrv_fu_370         |
|          |         mrv_1_fu_376        |
|          |         mrv_2_fu_382        |
|          |         mrv_3_fu_388        |
|          |         mrv_4_fu_394        |
|          |         mrv_5_fu_400        |
|          |         mrv_6_fu_406        |
|insertvalue|         mrv_7_fu_412        |
|          |         mrv_8_fu_418        |
|          |         mrv_9_fu_424        |
|          |        mrv_10_fu_430        |
|          |        mrv_11_fu_436        |
|          |        mrv_12_fu_442        |
|          |        mrv_13_fu_448        |
|          |        mrv_14_fu_454        |
|          |        mrv_15_fu_460        |
|----------|-----------------------------|
|   Total  |                             |
|----------|-----------------------------|

Memories:
N/A

* Register list:
N/A

* Multiplexer (MUX) list: 
|--------|------|------|------|--------|
|  Comp  |  Pin | Size |  BW  | S x BW |
|--------|------|------|------|--------|
|  Total |      |      |      |    0   |
|--------|------|------|------|--------|



* Summary:
+-----------+
|           |
+-----------+
|  Function |
|   Memory  |
|Multiplexer|
|  Register |
+-----------+
|   Total   |
+-----------+
